main.c:78:5:map	24	static
main.c:83:6:Test_connection	8	static
main.c:99:6:conversion_char_int	16	static
main.c:141:5:main	8	static
main.c:195:6:SystemClock_Config	80	static
main.c:237:13:MX_TIM2_Init	32	static
main.c:282:13:MX_TIM4_Init	48	static
main.c:346:13:MX_USART1_UART_Init	8	static
main.c:379:13:MX_USART2_UART_Init	8	static
main.c:412:13:MX_GPIO_Init	48	static
main.c:447:6:HAL_TIM_PeriodElapsedCallback	40	static
main.c:469:5:__io_putchar	16	static
main.c:475:6:HAL_UART_RxCpltCallback	24	static
main.c:506:6:Error_Handler	4	static,ignoring_inline_asm
