main.c:76:6:Test_connection	8	static
main.c:91:6:conversion_char_int	8	static
main.c:123:5:main	8	static
main.c:176:6:SystemClock_Config	80	static
main.c:218:13:MX_ADC_Init	24	static
main.c:271:13:MX_TIM2_Init	32	static
main.c:316:13:MX_TIM3_Init	48	static
main.c:380:13:MX_USART1_UART_Init	8	static
main.c:413:13:MX_USART2_UART_Init	8	static
main.c:446:13:MX_GPIO_Init	48	static
main.c:501:6:HAL_TIM_PeriodElapsedCallback	40	static
main.c:517:5:__io_putchar	16	static
main.c:523:6:HAL_UART_RxCpltCallback	24	static
main.c:561:6:Error_Handler	4	static,ignoring_inline_asm
