Archive member included to satisfy reference by file (symbol)

c:/st/stm32cubeide_1.8.0/stm32cubeide/plugins/com.st.stm32cube.ide.mcu.externaltools.gnu-tools-for-stm32.9-2020-q2-update.win32_2.0.0.202105311346/tools/bin/../lib/gcc/arm-none-eabi/9.3.1/../../../../arm-none-eabi/lib/thumb/v7-m/nofp\libc_nano.a(lib_a-atoi.o)
                              ./Core/Src/main.o (atoi)
c:/st/stm32cubeide_1.8.0/stm32cubeide/plugins/com.st.stm32cube.ide.mcu.externaltools.gnu-tools-for-stm32.9-2020-q2-update.win32_2.0.0.202105311346/tools/bin/../lib/gcc/arm-none-eabi/9.3.1/../../../../arm-none-eabi/lib/thumb/v7-m/nofp\libc_nano.a(lib_a-errno.o)
                              ./Core/Src/syscalls.o (__errno)
c:/st/stm32cubeide_1.8.0/stm32cubeide/plugins/com.st.stm32cube.ide.mcu.externaltools.gnu-tools-for-stm32.9-2020-q2-update.win32_2.0.0.202105311346/tools/bin/../lib/gcc/arm-none-eabi/9.3.1/../../../../arm-none-eabi/lib/thumb/v7-m/nofp\libc_nano.a(lib_a-exit.o)
                              c:/st/stm32cubeide_1.8.0/stm32cubeide/plugins/com.st.stm32cube.ide.mcu.externaltools.gnu-tools-for-stm32.9-2020-q2-update.win32_2.0.0.202105311346/tools/bin/../lib/gcc/arm-none-eabi/9.3.1/../../../../arm-none-eabi/lib/thumb/v7-m/nofp/crt0.o (exit)
c:/st/stm32cubeide_1.8.0/stm32cubeide/plugins/com.st.stm32cube.ide.mcu.externaltools.gnu-tools-for-stm32.9-2020-q2-update.win32_2.0.0.202105311346/tools/bin/../lib/gcc/arm-none-eabi/9.3.1/../../../../arm-none-eabi/lib/thumb/v7-m/nofp\libc_nano.a(lib_a-impure.o)
                              c:/st/stm32cubeide_1.8.0/stm32cubeide/plugins/com.st.stm32cube.ide.mcu.externaltools.gnu-tools-for-stm32.9-2020-q2-update.win32_2.0.0.202105311346/tools/bin/../lib/gcc/arm-none-eabi/9.3.1/../../../../arm-none-eabi/lib/thumb/v7-m/nofp\libc_nano.a(lib_a-exit.o) (_global_impure_ptr)
c:/st/stm32cubeide_1.8.0/stm32cubeide/plugins/com.st.stm32cube.ide.mcu.externaltools.gnu-tools-for-stm32.9-2020-q2-update.win32_2.0.0.202105311346/tools/bin/../lib/gcc/arm-none-eabi/9.3.1/../../../../arm-none-eabi/lib/thumb/v7-m/nofp\libc_nano.a(lib_a-init.o)
                              c:/st/stm32cubeide_1.8.0/stm32cubeide/plugins/com.st.stm32cube.ide.mcu.externaltools.gnu-tools-for-stm32.9-2020-q2-update.win32_2.0.0.202105311346/tools/bin/../lib/gcc/arm-none-eabi/9.3.1/../../../../arm-none-eabi/lib/thumb/v7-m/nofp/crt0.o (__libc_init_array)
c:/st/stm32cubeide_1.8.0/stm32cubeide/plugins/com.st.stm32cube.ide.mcu.externaltools.gnu-tools-for-stm32.9-2020-q2-update.win32_2.0.0.202105311346/tools/bin/../lib/gcc/arm-none-eabi/9.3.1/../../../../arm-none-eabi/lib/thumb/v7-m/nofp\libc_nano.a(lib_a-memset.o)
                              c:/st/stm32cubeide_1.8.0/stm32cubeide/plugins/com.st.stm32cube.ide.mcu.externaltools.gnu-tools-for-stm32.9-2020-q2-update.win32_2.0.0.202105311346/tools/bin/../lib/gcc/arm-none-eabi/9.3.1/../../../../arm-none-eabi/lib/thumb/v7-m/nofp/crt0.o (memset)
c:/st/stm32cubeide_1.8.0/stm32cubeide/plugins/com.st.stm32cube.ide.mcu.externaltools.gnu-tools-for-stm32.9-2020-q2-update.win32_2.0.0.202105311346/tools/bin/../lib/gcc/arm-none-eabi/9.3.1/../../../../arm-none-eabi/lib/thumb/v7-m/nofp\libc_nano.a(lib_a-nano-vfprintf_float.o)
                              (_printf_float)
c:/st/stm32cubeide_1.8.0/stm32cubeide/plugins/com.st.stm32cube.ide.mcu.externaltools.gnu-tools-for-stm32.9-2020-q2-update.win32_2.0.0.202105311346/tools/bin/../lib/gcc/arm-none-eabi/9.3.1/../../../../arm-none-eabi/lib/thumb/v7-m/nofp\libc_nano.a(lib_a-nano-vfprintf_i.o)
                              c:/st/stm32cubeide_1.8.0/stm32cubeide/plugins/com.st.stm32cube.ide.mcu.externaltools.gnu-tools-for-stm32.9-2020-q2-update.win32_2.0.0.202105311346/tools/bin/../lib/gcc/arm-none-eabi/9.3.1/../../../../arm-none-eabi/lib/thumb/v7-m/nofp\libc_nano.a(lib_a-nano-vfprintf_float.o) (_printf_common)
c:/st/stm32cubeide_1.8.0/stm32cubeide/plugins/com.st.stm32cube.ide.mcu.externaltools.gnu-tools-for-stm32.9-2020-q2-update.win32_2.0.0.202105311346/tools/bin/../lib/gcc/arm-none-eabi/9.3.1/../../../../arm-none-eabi/lib/thumb/v7-m/nofp\libc_nano.a(lib_a-printf.o)
                              ./Core/Src/main.o (printf)
c:/st/stm32cubeide_1.8.0/stm32cubeide/plugins/com.st.stm32cube.ide.mcu.externaltools.gnu-tools-for-stm32.9-2020-q2-update.win32_2.0.0.202105311346/tools/bin/../lib/gcc/arm-none-eabi/9.3.1/../../../../arm-none-eabi/lib/thumb/v7-m/nofp\libc_nano.a(lib_a-puts.o)
                              ./Core/Src/main.o (puts)
c:/st/stm32cubeide_1.8.0/stm32cubeide/plugins/com.st.stm32cube.ide.mcu.externaltools.gnu-tools-for-stm32.9-2020-q2-update.win32_2.0.0.202105311346/tools/bin/../lib/gcc/arm-none-eabi/9.3.1/../../../../arm-none-eabi/lib/thumb/v7-m/nofp\libc_nano.a(lib_a-strlen.o)
                              ./Core/Src/main.o (strlen)
[...]
Memory Configuration

Name             Origin             Length             Attributes
RAM              0x0000000020000000 0x0000000000014000 xrw
FLASH            0x0000000008000000 0x0000000000080000 xr
*default*        0x0000000000000000 0xffffffffffffffff

Linker script and memory map

LOAD c:/st/stm32cubeide_1.8.0/stm32cubeide/plugins/com.st.stm32cube.ide.mcu.externaltools.gnu-tools-for-stm32.9-2020-q2-update.win32_2.0.0.202105311346/tools/bin/../lib/gcc/arm-none-eabi/9.3.1/thumb/v7-m/nofp/crti.o
LOAD c:/st/stm32cubeide_1.8.0/stm32cubeide/plugins/com.st.stm32cube.ide.mcu.externaltools.gnu-tools-for-stm32.9-2020-q2-update.win32_2.0.0.202105311346/tools/bin/../lib/gcc/arm-none-eabi/9.3.1/thumb/v7-m/nofp/crtbegin.o
LOAD c:/st/stm32cubeide_1.8.0/stm32cubeide/plugins/com.st.stm32cube.ide.mcu.externaltools.gnu-tools-for-stm32.9-2020-q2-update.win32_2.0.0.202105311346/tools/bin/../lib/gcc/arm-none-eabi/9.3.1/../../../../arm-none-eabi/lib/thumb/v7-m/nofp/crt0.o
LOAD ./Core/Src/main.o
LOAD ./Core/Src/stm32l1xx_hal_msp.o
LOAD ./Core/Src/stm32l1xx_it.o
LOAD ./Core/Src/syscalls.o
LOAD ./Core/Src/sysmem.o
LOAD ./Core/Src/system_stm32l1xx.o
LOAD ./Core/Startup/startup_stm32l152retx.o
LOAD ./Drivers/STM32L1xx_HAL_Driver/Src/stm32l1xx_hal.o
LOAD ./Drivers/STM32L1xx_HAL_Driver/Src/stm32l1xx_hal_adc.o
LOAD ./Drivers/STM32L1xx_HAL_Driver/Src/stm32l1xx_hal_adc_ex.o
LOAD ./Drivers/STM32L1xx_HAL_Driver/Src/stm32l1xx_hal_cortex.o
LOAD ./Drivers/STM32L1xx_HAL_Driver/Src/stm32l1xx_hal_dma.o
LOAD ./Drivers/STM32L1xx_HAL_Driver/Src/stm32l1xx_hal_exti.o
LOAD ./Drivers/STM32L1xx_HAL_Driver/Src/stm32l1xx_hal_flash.o
LOAD ./Drivers/STM32L1xx_HAL_Driver/Src/stm32l1xx_hal_flash_ex.o
LOAD ./Drivers/STM32L1xx_HAL_Driver/Src/stm32l1xx_hal_flash_ramfunc.o
LOAD ./Drivers/STM32L1xx_HAL_Driver/Src/stm32l1xx_hal_gpio.o
LOAD ./Drivers/STM32L1xx_HAL_Driver/Src/stm32l1xx_hal_pwr.o
LOAD ./Drivers/STM32L1xx_HAL_Driver/Src/stm32l1xx_hal_pwr_ex.o
LOAD ./Drivers/STM32L1xx_HAL_Driver/Src/stm32l1xx_hal_rcc.o
LOAD ./Drivers/STM32L1xx_HAL_Driver/Src/stm32l1xx_hal_rcc_ex.o
LOAD ./Drivers/STM32L1xx_HAL_Driver/Src/stm32l1xx_hal_tim.o
LOAD ./Drivers/STM32L1xx_HAL_Driver/Src/stm32l1xx_hal_tim_ex.o
LOAD ./Drivers/STM32L1xx_HAL_Driver/Src/stm32l1xx_hal_uart.o
START GROUP
LOAD c:/st/stm32cubeide_1.8.0/stm32cubeide/plugins/com.st.stm32cube.ide.mcu.externaltools.gnu-tools-for-stm32.9-2020-q2-update.win32_2.0.0.202105311346/tools/bin/../lib/gcc/arm-none-eabi/9.3.1/../../../../arm-none-eabi/lib/thumb/v7-m/nofp\libc_nano.a
LOAD c:/st/stm32cubeide_1.8.0/stm32cubeide/plugins/com.st.stm32cube.ide.mcu.externaltools.gnu-tools-for-stm32.9-2020-q2-update.win32_2.0.0.202105311346/tools/bin/../lib/gcc/arm-none-eabi/9.3.1/../../../../arm-none-eabi/lib/thumb/v7-m/nofp\libm.a
END GROUP
START GROUP
LOAD c:/st/stm32cubeide_1.8.0/stm32cubeide/plugins/com.st.stm32cube.ide.mcu.externaltools.gnu-tools-for-stm32.9-2020-q2-update.win32_2.0.0.202105311346/tools/bin/../lib/gcc/arm-none-eabi/9.3.1/thumb/v7-m/nofp\libgcc.a
LOAD c:/st/stm32cubeide_1.8.0/stm32cubeide/plugins/com.st.stm32cube.ide.mcu.externaltools.gnu-tools-for-stm32.9-2020-q2-update.win32_2.0.0.202105311346/tools/bin/../lib/gcc/arm-none-eabi/9.3.1/../../../../arm-none-eabi/lib/thumb/v7-m/nofp\libc_nano.a
END GROUP
START GROUP
LOAD c:/st/stm32cubeide_1.8.0/stm32cubeide/plugins/com.st.stm32cube.ide.mcu.externaltools.gnu-tools-for-stm32.9-2020-q2-update.win32_2.0.0.202105311346/tools/bin/../lib/gcc/arm-none-eabi/9.3.1/thumb/v7-m/nofp\libgcc.a
LOAD c:/st/stm32cubeide_1.8.0/stm32cubeide/plugins/com.st.stm32cube.ide.mcu.externaltools.gnu-tools-for-stm32.9-2020-q2-update.win32_2.0.0.202105311346/tools/bin/../lib/gcc/arm-none-eabi/9.3.1/../../../../arm-none-eabi/lib/thumb/v7-m/nofp\libc_nano.a
LOAD c:/st/stm32cubeide_1.8.0/stm32cubeide/plugins/com.st.stm32cube.ide.mcu.externaltools.gnu-tools-for-stm32.9-2020-q2-update.win32_2.0.0.202105311346/tools/bin/../lib/gcc/arm-none-eabi/9.3.1/../../../../arm-none-eabi/lib/thumb/v7-m/nofp\libnosys.a
END GROUP
START GROUP
LOAD c:/st/stm32cubeide_1.8.0/stm32cubeide/plugins/com.st.stm32cube.ide.mcu.externaltools.gnu-tools-for-stm32.9-2020-q2-update.win32_2.0.0.202105311346/tools/bin/../lib/gcc/arm-none-eabi/9.3.1/thumb/v7-m/nofp\libgcc.a
LOAD c:/st/stm32cubeide_1.8.0/stm32cubeide/plugins/com.st.stm32cube.ide.mcu.externaltools.gnu-tools-for-stm32.9-2020-q2-update.win32_2.0.0.202105311346/tools/bin/../lib/gcc/arm-none-eabi/9.3.1/../../../../arm-none-eabi/lib/thumb/v7-m/nofp\libc_nano.a
LOAD c:/st/stm32cubeide_1.8.0/stm32cubeide/plugins/com.st.stm32cube.ide.mcu.externaltools.gnu-tools-for-stm32.9-2020-q2-update.win32_2.0.0.202105311346/tools/bin/../lib/gcc/arm-none-eabi/9.3.1/../../../../arm-none-eabi/lib/thumb/v7-m/nofp\libnosys.a
END GROUP
LOAD c:/st/stm32cubeide_1.8.0/stm32cubeide/plugins/com.st.stm32cube.ide.mcu.externaltools.gnu-tools-for-stm32.9-2020-q2-update.win32_2.0.0.202105311346/tools/bin/../lib/gcc/arm-none-eabi/9.3.1/thumb/v7-m/nofp/crtend.o
LOAD c:/st/stm32cubeide_1.8.0/stm32cubeide/plugins/com.st.stm32cube.ide.mcu.externaltools.gnu-tools-for-stm32.9-2020-q2-update.win32_2.0.0.202105311346/tools/bin/../lib/gcc/arm-none-eabi/9.3.1/thumb/v7-m/nofp/crtn.o
                0x0000000020014000                _estack = (ORIGIN (RAM) + LENGTH (RAM))
                0x0000000000000200                _Min_Heap_Size = 0x200
                0x0000000000000400                _Min_Stack_Size = 0x400

.isr_vector     0x0000000008000000      0x13c
                0x0000000008000000                . = ALIGN (0x4)
 *(.isr_vector)
 .isr_vector    0x0000000008000000      0x13c ./Core/Startup/startup_stm32l152retx.o
                0x0000000008000000                g_pfnVectors
                0x000000000800013c                . = ALIGN (0x4)

.text           0x0000000008000140     0x74bc
                0x0000000008000140                . = ALIGN (0x4)
 *(.text)
 .text          0x0000000008000140       0x40 c:/st/stm32cubeide_1.8.0/stm32cubeide/plugins/com.st.stm32cube.ide.mcu.externaltools.gnu-tools-for-stm32.9-2020-q2-update.win32_2.0.0.202105311346/tools/bin/../lib/gcc/arm-none-eabi/9.3.1/thumb/v7-m/nofp/crtbegin.o
 .text          0x0000000008000180       0x10 c:/st/stm32cubeide_1.8.0/stm32cubeide/plugins/com.st.stm32cube.ide.mcu.externaltools.gnu-tools-for-stm32.9-2020-q2-update.win32_2.0.0.202105311346/tools/bin/../lib/gcc/arm-none-eabi/9.3.1/../../../../arm-none-eabi/lib/thumb/v7-m/nofp\libc_nano.a(lib_a-strlen.o)
                0x0000000008000180                strlen
 .text          0x0000000008000190      0x378 c:/st/stm32cubeide_1.8.0/stm32cubeide/plugins/com.st.stm32cube.ide.mcu.externaltools.gnu-tools-for-stm32.9-2020-q2-update.win32_2.0.0.202105311346/tools/bin/../lib/gcc/arm-none-eabi/9.3.1/thumb/v7-m/nofp\libgcc.a(_arm_addsubdf3.o)
                0x0000000008000190                __aeabi_drsub
                0x0000000008000198                __aeabi_dsub
                0x0000000008000198                __subdf3
                0x000000000800019c                __aeabi_dadd
                0x000000000800019c                __adddf3
                0x0000000008000414                __floatunsidf
                0x0000000008000414                __aeabi_ui2d
                0x0000000008000434                __floatsidf
                0x0000000008000434                __aeabi_i2d
                0x0000000008000458                __aeabi_f2d
                0x0000000008000458                __extendsfdf2
                0x000000000800049c                __floatundidf
                0x000000000800049c                __aeabi_ul2d
                0x00000000080004ac                __floatdidf
                0x00000000080004ac                __aeabi_l2d
 .text          0x0000000008000508      0x424 c:/st/stm32cubeide_1.8.0/stm32cubeide/plugins/com.st.stm32cube.ide.mcu.externaltools.gnu-tools-for-stm32.9-2020-q2-update.win32_2.0.0.202105311346/tools/bin/../lib/gcc/arm-none-eabi/9.3.1/thumb/v7-m/nofp\libgcc.a(_arm_muldivdf3.o)
                0x0000000008000508                __aeabi_dmul
                0x0000000008000508                __muldf3
                0x000000000800075c                __divdf3
                0x000000000800075c                __aeabi_ddiv
 .text          0x000000000800092c      0x110 c:/st/stm32cubeide_1.8.0/stm32cubeide/plugins/com.st.stm32cube.ide.mcu.externaltools.gnu-tools-for-stm32.9-2020-q2-update.win32_2.0.0.202105311346/tools/bin/../lib/gcc/arm-none-eabi/9.3.1/thumb/v7-m/nofp\libgcc.a(_arm_cmpdf2.o)
                0x000000000800092c                __gtdf2
                0x000000000800092c                __gedf2
                0x0000000008000934                __ltdf2
                0x0000000008000934                __ledf2
                0x000000000800093c                __nedf2
                0x000000000800093c                __eqdf2
                0x000000000800093c                __cmpdf2
                0x00000000080009b8                __aeabi_cdrcmple
                0x00000000080009c8                __aeabi_cdcmpeq
                0x00000000080009c8                __aeabi_cdcmple
                0x00000000080009d8                __aeabi_dcmpeq
                0x00000000080009ec                __aeabi_dcmplt
                0x0000000008000a00                __aeabi_dcmple
                0x0000000008000a14                __aeabi_dcmpge
                0x0000000008000a28                __aeabi_dcmpgt
 .text          0x0000000008000a3c       0x2c c:/st/stm32cubeide_1.8.0/stm32cubeide/plugins/com.st.stm32cube.ide.mcu.externaltools.gnu-tools-for-stm32.9-2020-q2-update.win32_2.0.0.202105311346/tools/bin/../lib/gcc/arm-none-eabi/9.3.1/thumb/v7-m/nofp\libgcc.a(_arm_unorddf2.o)
                0x0000000008000a3c                __unorddf2
                0x0000000008000a3c                __aeabi_dcmpun
 .text          0x0000000008000a68       0x50 c:/st/stm32cubeide_1.8.0/stm32cubeide/plugins/com.st.stm32cube.ide.mcu.externaltools.gnu-tools-for-stm32.9-2020-q2-update.win32_2.0.0.202105311346/tools/bin/../lib/gcc/arm-none-eabi/9.3.1/thumb/v7-m/nofp\libgcc.a(_arm_fixdfsi.o)
                0x0000000008000a68                __aeabi_d2iz
                0x0000000008000a68                __fixdfsi
 .text          0x0000000008000ab8       0x30 c:/st/stm32cubeide_1.8.0/stm32cubeide/plugins/com.st.stm32cube.ide.mcu.externaltools.gnu-tools-for-stm32.9-2020-q2-update.win32_2.0.0.202105311346/tools/bin/../lib/gcc/arm-none-eabi/9.3.1/thumb/v7-m/nofp\libgcc.a(_aeabi_uldivmod.o)
                0x0000000008000ab8                __aeabi_uldivmod
 .text          0x0000000008000ae8      0x2c4 c:/st/stm32cubeide_1.8.0/stm32cubeide/plugins/com.st.stm32cube.ide.mcu.externaltools.gnu-tools-for-stm32.9-2020-q2-update.win32_2.0.0.202105311346/tools/bin/../lib/gcc/arm-none-eabi/9.3.1/thumb/v7-m/nofp\libgcc.a(_udivmoddi4.o)
                0x0000000008000ae8                __udivmoddi4
 .text          0x0000000008000dac        0x4 c:/st/stm32cubeide_1.8.0/stm32cubeide/plugins/com.st.stm32cube.ide.mcu.externaltools.gnu-tools-for-stm32.9-2020-q2-update.win32_2.0.0.202105311346/tools/bin/../lib/gcc/arm-none-eabi/9.3.1/thumb/v7-m/nofp\libgcc.a(_dvmd_tls.o)
                0x0000000008000dac                __aeabi_idiv0
                0x0000000008000dac                __aeabi_ldiv0
 *(.text*)
 .text.Test_connection
                0x0000000008000db0       0x74 ./Core/Src/main.o
                0x0000000008000db0                Test_connection
 .text.conversion_char_int
                0x0000000008000e24       0xe4 ./Core/Src/main.o
                0x0000000008000e24                conversion_char_int
 .text.main     0x0000000008000f08       0x50 ./Core/Src/main.o
                0x0000000008000f08                main
 .text.SystemClock_Config
                0x0000000008000f58       0x9c ./Core/Src/main.o
                0x0000000008000f58                SystemClock_Config
 .text.MX_ADC_Init
                0x0000000008000ff4       0xb0 ./Core/Src/main.o
 .text.MX_TIM2_Init
                0x00000000080010a4       0x9c ./Core/Src/main.o
 .text.MX_TIM3_Init
                0x0000000008001140      0x104 ./Core/Src/main.o
 .text.MX_USART1_UART_Init
                0x0000000008001244       0x54 ./Core/Src/main.o
 .text.MX_USART2_UART_Init
                0x0000000008001298       0x54 ./Core/Src/main.o
 .text.MX_GPIO_Init
                0x00000000080012ec      0x13c ./Core/Src/main.o
 .text.HAL_TIM_PeriodElapsedCallback
                0x0000000008001428       0x58 ./Core/Src/main.o
                0x0000000008001428                HAL_TIM_PeriodElapsedCallback
 .text.__io_putchar
                0x0000000008001480       0x24 ./Core/Src/main.o
                0x0000000008001480                __io_putchar
 .text.HAL_UART_RxCpltCallback
                0x00000000080014a4       0x5c ./Core/Src/main.o
                0x00000000080014a4                HAL_UART_RxCpltCallback
 .text.Error_Handler
                0x0000000008001500        0xa ./Core/Src/main.o
                0x0000000008001500                Error_Handler
 *fill*         0x000000000800150a        0x2 
 .text.HAL_MspInit
                0x000000000800150c       0x60 ./Core/Src/stm32l1xx_hal_msp.o
                0x000000000800150c                HAL_MspInit
 .text.HAL_ADC_MspInit
                0x000000000800156c       0x80 ./Core/Src/stm32l1xx_hal_msp.o
                0x000000000800156c                HAL_ADC_MspInit
 .text.HAL_TIM_Base_MspInit
                0x00000000080015ec       0x70 ./Core/Src/stm32l1xx_hal_msp.o
                0x00000000080015ec                HAL_TIM_Base_MspInit
 .text.HAL_TIM_MspPostInit
                0x000000000800165c       0xac ./Core/Src/stm32l1xx_hal_msp.o
                0x000000000800165c                HAL_TIM_MspPostInit
 .text.HAL_UART_MspInit
                0x0000000008001708       0xf8 ./Core/Src/stm32l1xx_hal_msp.o
                0x0000000008001708                HAL_UART_MspInit
 .text.NMI_Handler
                0x0000000008001800        0x6 ./Core/Src/stm32l1xx_it.o
                0x0000000008001800                NMI_Handler
 .text.HardFault_Handler
                0x0000000008001806        0x6 ./Core/Src/stm32l1xx_it.o
                0x0000000008001806                HardFault_Handler
 .text.MemManage_Handler
                0x000000000800180c        0x6 ./Core/Src/stm32l1xx_it.o
                0x000000000800180c                MemManage_Handler
 .text.BusFault_Handler
                0x0000000008001812        0x6 ./Core/Src/stm32l1xx_it.o
                0x0000000008001812                BusFault_Handler
 .text.UsageFault_Handler
                0x0000000008001818        0x6 ./Core/Src/stm32l1xx_it.o
                0x0000000008001818                UsageFault_Handler
 .text.SVC_Handler
                0x000000000800181e        0xc ./Core/Src/stm32l1xx_it.o
                0x000000000800181e                SVC_Handler
 .text.DebugMon_Handler
                0x000000000800182a        0xc ./Core/Src/stm32l1xx_it.o
                0x000000000800182a                DebugMon_Handler
 .text.PendSV_Handler
                0x0000000008001836        0xc ./Core/Src/stm32l1xx_it.o
                0x0000000008001836                PendSV_Handler
 .text.SysTick_Handler
                0x0000000008001842        0xc ./Core/Src/stm32l1xx_it.o
                0x0000000008001842                SysTick_Handler
 *fill*         0x000000000800184e        0x2 
 .text.TIM2_IRQHandler
                0x0000000008001850       0x14 ./Core/Src/stm32l1xx_it.o
                0x0000000008001850                TIM2_IRQHandler
 .text.USART1_IRQHandler
                0x0000000008001864       0x14 ./Core/Src/stm32l1xx_it.o
                0x0000000008001864                USART1_IRQHandler
 .text._getpid  0x0000000008001878        0xe ./Core/Src/syscalls.o
                0x0000000008001878                _getpid
 .text._kill    0x0000000008001886       0x20 ./Core/Src/syscalls.o
                0x0000000008001886                _kill
 .text._exit    0x00000000080018a6       0x14 ./Core/Src/syscalls.o
                0x00000000080018a6                _exit
 .text._read    0x00000000080018ba       0x3a ./Core/Src/syscalls.o
                0x00000000080018ba                _read
 .text._write   0x00000000080018f4       0x38 ./Core/Src/syscalls.o
                0x00000000080018f4                _write
 .text._close   0x000000000800192c       0x16 ./Core/Src/syscalls.o
                0x000000000800192c                _close
 .text._fstat   0x0000000008001942       0x1e ./Core/Src/syscalls.o
                0x0000000008001942                _fstat
 .text._isatty  0x0000000008001960       0x14 ./Core/Src/syscalls.o
                0x0000000008001960                _isatty
 .text._lseek   0x0000000008001974       0x18 ./Core/Src/syscalls.o
                0x0000000008001974                _lseek
 .text._sbrk    0x000000000800198c       0x6c ./Core/Src/sysmem.o
                0x000000000800198c                _sbrk
 .text.SystemInit
                0x00000000080019f8        0xc ./Core/Src/system_stm32l1xx.o
                0x00000000080019f8                SystemInit
 .text.Reset_Handler
                0x0000000008001a04       0x48 ./Core/Startup/startup_stm32l152retx.o
                0x0000000008001a04                Reset_Handler
 .text.Default_Handler
                0x0000000008001a4c        0x2 ./Core/Startup/startup_stm32l152retx.o
                0x0000000008001a4c                RTC_Alarm_IRQHandler
                0x0000000008001a4c                EXTI2_IRQHandler
                0x0000000008001a4c                COMP_ACQ_IRQHandler
                0x0000000008001a4c                TIM10_IRQHandler
                0x0000000008001a4c                USB_HP_IRQHandler
                0x0000000008001a4c                TIM6_IRQHandler
                0x0000000008001a4c                PVD_IRQHandler
                0x0000000008001a4c                EXTI3_IRQHandler
                0x0000000008001a4c                EXTI0_IRQHandler
                0x0000000008001a4c                I2C2_EV_IRQHandler
                0x0000000008001a4c                SPI1_IRQHandler
                0x0000000008001a4c                USB_FS_WKUP_IRQHandler
                0x0000000008001a4c                DMA2_Channel2_IRQHandler
                0x0000000008001a4c                DMA1_Channel4_IRQHandler
                0x0000000008001a4c                ADC1_IRQHandler
                0x0000000008001a4c                USART3_IRQHandler
                0x0000000008001a4c                DMA1_Channel7_IRQHandler
                0x0000000008001a4c                LCD_IRQHandler
                0x0000000008001a4c                UART5_IRQHandler
                0x0000000008001a4c                TIM4_IRQHandler
                0x0000000008001a4c                DMA2_Channel1_IRQHandler
                0x0000000008001a4c                I2C1_EV_IRQHandler
                0x0000000008001a4c                DMA1_Channel6_IRQHandler
                0x0000000008001a4c                UART4_IRQHandler
                0x0000000008001a4c                DMA2_Channel4_IRQHandler
                0x0000000008001a4c                TIM3_IRQHandler
                0x0000000008001a4c                RCC_IRQHandler
                0x0000000008001a4c                DMA1_Channel1_IRQHandler
                0x0000000008001a4c                Default_Handler
                0x0000000008001a4c                EXTI15_10_IRQHandler
                0x0000000008001a4c                TIM7_IRQHandler
                0x0000000008001a4c                TIM5_IRQHandler
                0x0000000008001a4c                EXTI9_5_IRQHandler
                0x0000000008001a4c                TIM9_IRQHandler
                0x0000000008001a4c                TAMPER_STAMP_IRQHandler
                0x0000000008001a4c                RTC_WKUP_IRQHandler
                0x0000000008001a4c                SPI2_IRQHandler
                0x0000000008001a4c                DMA2_Channel5_IRQHandler
                0x0000000008001a4c                DMA1_Channel5_IRQHandler
                0x0000000008001a4c                USB_LP_IRQHandler
                0x0000000008001a4c                EXTI4_IRQHandler
                0x0000000008001a4c                DMA1_Channel3_IRQHandler
                0x0000000008001a4c                COMP_IRQHandler
                0x0000000008001a4c                WWDG_IRQHandler
                0x0000000008001a4c                DAC_IRQHandler
                0x0000000008001a4c                EXTI1_IRQHandler
                0x0000000008001a4c                TIM11_IRQHandler
                0x0000000008001a4c                USART2_IRQHandler
                0x0000000008001a4c                I2C2_ER_IRQHandler
                0x0000000008001a4c                DMA1_Channel2_IRQHandler
                0x0000000008001a4c                FLASH_IRQHandler
                0x0000000008001a4c                SPI3_IRQHandler
                0x0000000008001a4c                I2C1_ER_IRQHandler
                0x0000000008001a4c                DMA2_Channel3_IRQHandler
 .text.HAL_Init
                0x0000000008001a4e       0x30 ./Drivers/STM32L1xx_HAL_Driver/Src/stm32l1xx_hal.o
                0x0000000008001a4e                HAL_Init
 *fill*         0x0000000008001a7e        0x2 
 .text.HAL_InitTick
                0x0000000008001a80       0x74 ./Drivers/STM32L1xx_HAL_Driver/Src/stm32l1xx_hal.o
                0x0000000008001a80                HAL_InitTick
 .text.HAL_IncTick
                0x0000000008001af4       0x24 ./Drivers/STM32L1xx_HAL_Driver/Src/stm32l1xx_hal.o
                0x0000000008001af4                HAL_IncTick
 .text.HAL_GetTick
                0x0000000008001b18       0x14 ./Drivers/STM32L1xx_HAL_Driver/Src/stm32l1xx_hal.o
                0x0000000008001b18                HAL_GetTick
 .text.HAL_ADC_Init
                0x0000000008001b2c      0x28c ./Drivers/STM32L1xx_HAL_Driver/Src/stm32l1xx_hal_adc.o
                0x0000000008001b2c                HAL_ADC_Init
 .text.HAL_ADC_ConfigChannel
                0x0000000008001db8      0x2d8 ./Drivers/STM32L1xx_HAL_Driver/Src/stm32l1xx_hal_adc.o
                0x0000000008001db8                HAL_ADC_ConfigChannel
 .text.__NVIC_SetPriorityGrouping
                0x0000000008002090       0x48 ./Drivers/STM32L1xx_HAL_Driver/Src/stm32l1xx_hal_cortex.o
 .text.__NVIC_GetPriorityGrouping
                0x00000000080020d8       0x1c ./Drivers/STM32L1xx_HAL_Driver/Src/stm32l1xx_hal_cortex.o
 .text.__NVIC_EnableIRQ
                0x00000000080020f4       0x38 ./Drivers/STM32L1xx_HAL_Driver/Src/stm32l1xx_hal_cortex.o
 .text.__NVIC_SetPriority
                0x000000000800212c       0x54 ./Drivers/STM32L1xx_HAL_Driver/Src/stm32l1xx_hal_cortex.o
 .text.NVIC_EncodePriority
                0x0000000008002180       0x64 ./Drivers/STM32L1xx_HAL_Driver/Src/stm32l1xx_hal_cortex.o
 .text.SysTick_Config
                0x00000000080021e4       0x44 ./Drivers/STM32L1xx_HAL_Driver/Src/stm32l1xx_hal_cortex.o
 .text.HAL_NVIC_SetPriorityGrouping
                0x0000000008002228       0x16 ./Drivers/STM32L1xx_HAL_Driver/Src/stm32l1xx_hal_cortex.o
                0x0000000008002228                HAL_NVIC_SetPriorityGrouping
 .text.HAL_NVIC_SetPriority
                0x000000000800223e       0x38 ./Drivers/STM32L1xx_HAL_Driver/Src/stm32l1xx_hal_cortex.o
                0x000000000800223e                HAL_NVIC_SetPriority
 .text.HAL_NVIC_EnableIRQ
                0x0000000008002276       0x1c ./Drivers/STM32L1xx_HAL_Driver/Src/stm32l1xx_hal_cortex.o
                0x0000000008002276                HAL_NVIC_EnableIRQ
 .text.HAL_SYSTICK_Config
                0x0000000008002292       0x18 ./Drivers/STM32L1xx_HAL_Driver/Src/stm32l1xx_hal_cortex.o
                0x0000000008002292                HAL_SYSTICK_Config
 .text.HAL_DMA_Abort
                0x00000000080022aa       0x7a ./Drivers/STM32L1xx_HAL_Driver/Src/stm32l1xx_hal_dma.o
                0x00000000080022aa                HAL_DMA_Abort
 .text.HAL_DMA_Abort_IT
                0x0000000008002324       0x82 ./Drivers/STM32L1xx_HAL_Driver/Src/stm32l1xx_hal_dma.o
                0x0000000008002324                HAL_DMA_Abort_IT
 *fill*         0x00000000080023a6        0x2 
 .text.HAL_GPIO_Init
                0x00000000080023a8      0x320 ./Drivers/STM32L1xx_HAL_Driver/Src/stm32l1xx_hal_gpio.o
                0x00000000080023a8                HAL_GPIO_Init
 .text.HAL_GPIO_ReadPin
                0x00000000080026c8       0x2e ./Drivers/STM32L1xx_HAL_Driver/Src/stm32l1xx_hal_gpio.o
                0x00000000080026c8                HAL_GPIO_ReadPin
 .text.HAL_GPIO_WritePin
                0x00000000080026f6       0x30 ./Drivers/STM32L1xx_HAL_Driver/Src/stm32l1xx_hal_gpio.o
                0x00000000080026f6                HAL_GPIO_WritePin
 .text.HAL_GPIO_TogglePin
                0x0000000008002726       0x32 ./Drivers/STM32L1xx_HAL_Driver/Src/stm32l1xx_hal_gpio.o
                0x0000000008002726                HAL_GPIO_TogglePin
 .text.HAL_RCC_OscConfig
                0x0000000008002758      0x660 ./Drivers/STM32L1xx_HAL_Driver/Src/stm32l1xx_hal_rcc.o
                0x0000000008002758                HAL_RCC_OscConfig
 .text.HAL_RCC_ClockConfig
                0x0000000008002db8      0x268 ./Drivers/STM32L1xx_HAL_Driver/Src/stm32l1xx_hal_rcc.o
                0x0000000008002db8                HAL_RCC_ClockConfig
 .text.HAL_RCC_GetSysClockFreq
                0x0000000008003020      0x19c ./Drivers/STM32L1xx_HAL_Driver/Src/stm32l1xx_hal_rcc.o
                0x0000000008003020                HAL_RCC_GetSysClockFreq
 .text.HAL_RCC_GetHCLKFreq
                0x00000000080031bc       0x14 ./Drivers/STM32L1xx_HAL_Driver/Src/stm32l1xx_hal_rcc.o
                0x00000000080031bc                HAL_RCC_GetHCLKFreq
 .text.HAL_RCC_GetPCLK1Freq
                0x00000000080031d0       0x28 ./Drivers/STM32L1xx_HAL_Driver/Src/stm32l1xx_hal_rcc.o
                0x00000000080031d0                HAL_RCC_GetPCLK1Freq
 .text.HAL_RCC_GetPCLK2Freq
                0x00000000080031f8       0x28 ./Drivers/STM32L1xx_HAL_Driver/Src/stm32l1xx_hal_rcc.o
                0x00000000080031f8                HAL_RCC_GetPCLK2Freq
 .text.RCC_SetFlashLatencyFromMSIRange
                0x0000000008003220       0xc0 ./Drivers/STM32L1xx_HAL_Driver/Src/stm32l1xx_hal_rcc.o
 .text.HAL_TIM_Base_Init
                0x00000000080032e0       0x7e ./Drivers/STM32L1xx_HAL_Driver/Src/stm32l1xx_hal_tim.o
                0x00000000080032e0                HAL_TIM_Base_Init
 *fill*         0x000000000800335e        0x2 
 .text.HAL_TIM_Base_Start_IT
                0x0000000008003360       0xa4 ./Drivers/STM32L1xx_HAL_Driver/Src/stm32l1xx_hal_tim.o
                0x0000000008003360                HAL_TIM_Base_Start_IT
 .text.HAL_TIM_PWM_Init
                0x0000000008003404       0x7e ./Drivers/STM32L1xx_HAL_Driver/Src/stm32l1xx_hal_tim.o
                0x0000000008003404                HAL_TIM_PWM_Init
 .text.HAL_TIM_PWM_MspInit
                0x0000000008003482       0x12 ./Drivers/STM32L1xx_HAL_Driver/Src/stm32l1xx_hal_tim.o
                0x0000000008003482                HAL_TIM_PWM_MspInit
 .text.HAL_TIM_IRQHandler
                0x0000000008003494      0x1b8 ./Drivers/STM32L1xx_HAL_Driver/Src/stm32l1xx_hal_tim.o
                0x0000000008003494                HAL_TIM_IRQHandler
 .text.HAL_TIM_PWM_ConfigChannel
                0x000000000800364c      0x17c ./Drivers/STM32L1xx_HAL_Driver/Src/stm32l1xx_hal_tim.o
                0x000000000800364c                HAL_TIM_PWM_ConfigChannel
 .text.HAL_TIM_ConfigClockSource
                0x00000000080037c8      0x188 ./Drivers/STM32L1xx_HAL_Driver/Src/stm32l1xx_hal_tim.o
                0x00000000080037c8                HAL_TIM_ConfigClockSource
 .text.HAL_TIM_OC_DelayElapsedCallback
                0x0000000008003950       0x12 ./Drivers/STM32L1xx_HAL_Driver/Src/stm32l1xx_hal_tim.o
                0x0000000008003950                HAL_TIM_OC_DelayElapsedCallback
 .text.HAL_TIM_IC_CaptureCallback
                0x0000000008003962       0x12 ./Drivers/STM32L1xx_HAL_Driver/Src/stm32l1xx_hal_tim.o
                0x0000000008003962                HAL_TIM_IC_CaptureCallback
 .text.HAL_TIM_PWM_PulseFinishedCallback
                0x0000000008003974       0x12 ./Drivers/STM32L1xx_HAL_Driver/Src/stm32l1xx_hal_tim.o
                0x0000000008003974                HAL_TIM_PWM_PulseFinishedCallback
 .text.HAL_TIM_TriggerCallback
                0x0000000008003986       0x12 ./Drivers/STM32L1xx_HAL_Driver/Src/stm32l1xx_hal_tim.o
                0x0000000008003986                HAL_TIM_TriggerCallback
 .text.TIM_Base_SetConfig
                0x0000000008003998       0xe0 ./Drivers/STM32L1xx_HAL_Driver/Src/stm32l1xx_hal_tim.o
 .text.TIM_OC1_SetConfig
                0x0000000008003a78       0x78 ./Drivers/STM32L1xx_HAL_Driver/Src/stm32l1xx_hal_tim.o
 .text.TIM_OC2_SetConfig
                0x0000000008003af0       0x7c ./Drivers/STM32L1xx_HAL_Driver/Src/stm32l1xx_hal_tim.o
 .text.TIM_OC3_SetConfig
                0x0000000008003b6c       0x7a ./Drivers/STM32L1xx_HAL_Driver/Src/stm32l1xx_hal_tim.o
 .text.TIM_OC4_SetConfig
                0x0000000008003be6       0x7c ./Drivers/STM32L1xx_HAL_Driver/Src/stm32l1xx_hal_tim.o
 .text.TIM_TI1_ConfigInputStage
                0x0000000008003c62       0x5c ./Drivers/STM32L1xx_HAL_Driver/Src/stm32l1xx_hal_tim.o
 .text.TIM_TI2_ConfigInputStage
                0x0000000008003cbe       0x5e ./Drivers/STM32L1xx_HAL_Driver/Src/stm32l1xx_hal_tim.o
 .text.TIM_ITRx_SetConfig
                0x0000000008003d1c       0x34 ./Drivers/STM32L1xx_HAL_Driver/Src/stm32l1xx_hal_tim.o
 .text.TIM_ETR_SetConfig
                0x0000000008003d50       0x3e ./Drivers/STM32L1xx_HAL_Driver/Src/stm32l1xx_hal_tim.o
 *fill*         0x0000000008003d8e        0x2 
 .text.HAL_TIMEx_MasterConfigSynchronization
                0x0000000008003d90       0xbc ./Drivers/STM32L1xx_HAL_Driver/Src/stm32l1xx_hal_tim_ex.o
                0x0000000008003d90                HAL_TIMEx_MasterConfigSynchronization
 .text.HAL_UART_Init
                0x0000000008003e4c       0x9a ./Drivers/STM32L1xx_HAL_Driver/Src/stm32l1xx_hal_uart.o
                0x0000000008003e4c                HAL_UART_Init
 .text.HAL_UART_Transmit
                0x0000000008003ee6      0x124 ./Drivers/STM32L1xx_HAL_Driver/Src/stm32l1xx_hal_uart.o
                0x0000000008003ee6                HAL_UART_Transmit
 .text.HAL_UART_Receive_IT
                0x000000000800400a       0x60 ./Drivers/STM32L1xx_HAL_Driver/Src/stm32l1xx_hal_uart.o
                0x000000000800400a                HAL_UART_Receive_IT
 *fill*         0x000000000800406a        0x2 
 .text.HAL_UART_IRQHandler
                0x000000000800406c      0x354 ./Drivers/STM32L1xx_HAL_Driver/Src/stm32l1xx_hal_uart.o
                0x000000000800406c                HAL_UART_IRQHandler
 .text.HAL_UART_TxCpltCallback
                0x00000000080043c0       0x12 ./Drivers/STM32L1xx_HAL_Driver/Src/stm32l1xx_hal_uart.o
                0x00000000080043c0                HAL_UART_TxCpltCallback
 .text.HAL_UART_ErrorCallback
                0x00000000080043d2       0x12 ./Drivers/STM32L1xx_HAL_Driver/Src/stm32l1xx_hal_uart.o
                0x00000000080043d2                HAL_UART_ErrorCallback
 .text.HAL_UARTEx_RxEventCallback
                0x00000000080043e4       0x16 ./Drivers/STM32L1xx_HAL_Driver/Src/stm32l1xx_hal_uart.o
                0x00000000080043e4                HAL_UARTEx_RxEventCallback
 .text.UART_WaitOnFlagUntilTimeout
                0x00000000080043fa       0x94 ./Drivers/STM32L1xx_HAL_Driver/Src/stm32l1xx_hal_uart.o
 .text.UART_Start_Receive_IT
                0x000000000800448e       0x72 ./Drivers/STM32L1xx_HAL_Driver/Src/stm32l1xx_hal_uart.o
                0x000000000800448e                UART_Start_Receive_IT
 .text.UART_EndRxTransfer
                0x0000000008004500       0x58 ./Drivers/STM32L1xx_HAL_Driver/Src/stm32l1xx_hal_uart.o
 .text.UART_DMAAbortOnError
                0x0000000008004558       0x28 ./Drivers/STM32L1xx_HAL_Driver/Src/stm32l1xx_hal_uart.o
 .text.UART_Transmit_IT
                0x0000000008004580       0x9e ./Drivers/STM32L1xx_HAL_Driver/Src/stm32l1xx_hal_uart.o
 .text.UART_EndTransmit_IT
                0x000000000800461e       0x30 ./Drivers/STM32L1xx_HAL_Driver/Src/stm32l1xx_hal_uart.o
 .text.UART_Receive_IT
                0x000000000800464e      0x152 ./Drivers/STM32L1xx_HAL_Driver/Src/stm32l1xx_hal_uart.o
 .text.UART_SetConfig
                0x00000000080047a0      0x1c8 ./Drivers/STM32L1xx_HAL_Driver/Src/stm32l1xx_hal_uart.o
 .text.atoi     0x0000000008004968        0x8 c:/st/stm32cubeide_1.8.0/stm32cubeide/plugins/com.st.stm32cube.ide.mcu.externaltools.gnu-tools-for-stm32.9-2020-q2-update.win32_2.0.0.202105311346/tools/bin/../lib/gcc/arm-none-eabi/9.3.1/../../../../arm-none-eabi/lib/thumb/v7-m/nofp\libc_nano.a(lib_a-atoi.o)
                0x0000000008004968                atoi
 .text.__errno  0x0000000008004970        0xc c:/st/stm32cubeide_1.8.0/stm32cubeide/plugins/com.st.stm32cube.ide.mcu.externaltools.gnu-tools-for-stm32.9-2020-q2-update.win32_2.0.0.202105311346/tools/bin/../lib/gcc/arm-none-eabi/9.3.1/../../../../arm-none-eabi/lib/thumb/v7-m/nofp\libc_nano.a(lib_a-errno.o)
                0x0000000008004970                __errno
 .text.__libc_init_array
                0x000000000800497c       0x48 c:/st/stm32cubeide_1.8.0/stm32cubeide/plugins/com.st.stm32cube.ide.mcu.externaltools.gnu-tools-for-stm32.9-2020-q2-update.win32_2.0.0.202105311346/tools/bin/../lib/gcc/arm-none-eabi/9.3.1/../../../../arm-none-eabi/lib/thumb/v7-m/nofp\libc_nano.a(lib_a-init.o)
                0x000000000800497c                __libc_init_array
 .text.memset   0x00000000080049c4       0x10 c:/st/stm32cubeide_1.8.0/stm32cubeide/plugins/com.st.stm32cube.ide.mcu.externaltools.gnu-tools-for-stm32.9-2020-q2-update.win32_2.0.0.202105311346/tools/bin/../lib/gcc/arm-none-eabi/9.3.1/../../../../arm-none-eabi/lib/thumb/v7-m/nofp\libc_nano.a(lib_a-memset.o)
                0x00000000080049c4                memset
 .text.__cvt    0x00000000080049d4       0xbe c:/st/stm32cubeide_1.8.0/stm32cubeide/plugins/com.st.stm32cube.ide.mcu.externaltools.gnu-tools-for-stm32.9-2020-q2-update.win32_2.0.0.202105311346/tools/bin/../lib/gcc/arm-none-eabi/9.3.1/../../../../arm-none-eabi/lib/thumb/v7-m/nofp\libc_nano.a(lib_a-nano-vfprintf_float.o)
                0x00000000080049d4                __cvt
 .text.__exponent
                0x0000000008004a92       0x7c c:/st/stm32cubeide_1.8.0/stm32cubeide/plugins/com.st.stm32cube.ide.mcu.externaltools.gnu-tools-for-stm32.9-2020-q2-update.win32_2.0.0.202105311346/tools/bin/../lib/gcc/arm-none-eabi/9.3.1/../../../../arm-none-eabi/lib/thumb/v7-m/nofp\libc_nano.a(lib_a-nano-vfprintf_float.o)
                0x0000000008004a92                __exponent
 *fill*         0x0000000008004b0e        0x2 
 .text._printf_float
                0x0000000008004b10      0x458 c:/st/stm32cubeide_1.8.0/stm32cubeide/plugins/com.st.stm32cube.ide.mcu.externaltools.gnu-tools-for-stm32.9-2020-q2-update.win32_2.0.0.202105311346/tools/bin/../lib/gcc/arm-none-eabi/9.3.1/../../../../arm-none-eabi/lib/thumb/v7-m/nofp\libc_nano.a(lib_a-nano-vfprintf_float.o)
                0x0000000008004b10                _printf_float
 .text._printf_common
                0x0000000008004f68       0xde c:/st/stm32cubeide_1.8.0/stm32cubeide/plugins/com.st.stm32cube.ide.mcu.externaltools.gnu-tools-for-stm32.9-2020-q2-update.win32_2.0.0.202105311346/tools/bin/../lib/gcc/arm-none-eabi/9.3.1/../../../../arm-none-eabi/lib/thumb/v7-m/nofp\libc_nano.a(lib_a-nano-vfprintf_i.o)
                0x0000000008004f68                _printf_common
 *fill*         0x0000000008005046        0x2 
 .text._printf_i
                0x0000000008005048      0x24c c:/st/stm32cubeide_1.8.0/stm32cubeide/plugins/com.st.stm32cube.ide.mcu.externaltools.gnu-tools-for-stm32.9-2020-q2-update.win32_2.0.0.202105311346/tools/bin/../lib/gcc/arm-none-eabi/9.3.1/../../../../arm-none-eabi/lib/thumb/v7-m/nofp\libc_nano.a(lib_a-nano-vfprintf_i.o)
                0x0000000008005048                _printf_i
 .text.printf   0x0000000008005294       0x30 c:/st/stm32cubeide_1.8.0/stm32cubeide/plugins/com.st.stm32cube.ide.mcu.externaltools.gnu-tools-for-stm32.9-2020-q2-update.win32_2.0.0.202105311346/tools/bin/../lib/gcc/arm-none-eabi/9.3.1/../../../../arm-none-eabi/lib/thumb/v7-m/nofp\libc_nano.a(lib_a-printf.o)
                0x0000000008005294                iprintf
                0x0000000008005294                printf
 .text._puts_r  0x00000000080052c4       0xdc c:/st/stm32cubeide_1.8.0/stm32cubeide/plugins/com.st.stm32cube.ide.mcu.externaltools.gnu-tools-for-stm32.9-2020-q2-update.win32_2.0.0.202105311346/tools/bin/../lib/gcc/arm-none-eabi/9.3.1/../../../../arm-none-eabi/lib/thumb/v7-m/nofp\libc_nano.a(lib_a-puts.o)
                0x00000000080052c4                _puts_r
 .text.puts     0x00000000080053a0       0x10 c:/st/stm32cubeide_1.8.0/stm32cubeide/plugins/com.st.stm32cube.ide.mcu.externaltools.gnu-tools-for-stm32.9-2020-q2-update.win32_2.0.0.202105311346/tools/bin/../lib/gcc/arm-none-eabi/9.3.1/../../../../arm-none-eabi/lib/thumb/v7-m/nofp\libc_nano.a(lib_a-puts.o)
                0x00000000080053a0                puts
 .text.strncat  0x00000000080053b0       0x26 c:/st/stm32cubeide_1.8.0/stm32cubeide/plugins/com.st.stm32cube.ide.mcu.externaltools.gnu-tools-for-stm32.9-2020-q2-update.win32_2.0.0.202105311346/tools/bin/../lib/gcc/arm-none-eabi/9.3.1/../../../../arm-none-eabi/lib/thumb/v7-m/nofp\libc_nano.a(lib_a-strncat.o)
                0x00000000080053b0                strncat
 *fill*         0x00000000080053d6        0x2 
 .text._strtol_l.isra.0
                0x00000000080053d8      0x10c c:/st/stm32cubeide_1.8.0/stm32cubeide/plugins/com.st.stm32cube.ide.mcu.externaltools.gnu-tools-for-stm32.9-2020-q2-update.win32_2.0.0.202105311346/tools/bin/../lib/gcc/arm-none-eabi/9.3.1/../../../../arm-none-eabi/lib/thumb/v7-m/nofp\libc_nano.a(lib_a-strtol.o)
 .text.strtol   0x00000000080054e4       0x14 c:/st/stm32cubeide_1.8.0/stm32cubeide/plugins/com.st.stm32cube.ide.mcu.externaltools.gnu-tools-for-stm32.9-2020-q2-update.win32_2.0.0.202105311346/tools/bin/../lib/gcc/arm-none-eabi/9.3.1/../../../../arm-none-eabi/lib/thumb/v7-m/nofp\libc_nano.a(lib_a-strtol.o)
                0x00000000080054e4                strtol
 .text.__swbuf_r
                0x00000000080054f8       0xa4 c:/st/stm32cubeide_1.8.0/stm32cubeide/plugins/com.st.stm32cube.ide.mcu.externaltools.gnu-tools-for-stm32.9-2020-q2-update.win32_2.0.0.202105311346/tools/bin/../lib/gcc/arm-none-eabi/9.3.1/../../../../arm-none-eabi/lib/thumb/v7-m/nofp\libc_nano.a(lib_a-wbuf.o)
                0x00000000080054f8                __swbuf_r
 .text.__swsetup_r
                0x000000000800559c       0xdc c:/st/stm32cubeide_1.8.0/stm32cubeide/plugins/com.st.stm32cube.ide.mcu.externaltools.gnu-tools-for-stm32.9-2020-q2-update.win32_2.0.0.202105311346/tools/bin/../lib/gcc/arm-none-eabi/9.3.1/../../../../arm-none-eabi/lib/thumb/v7-m/nofp\libc_nano.a(lib_a-wsetup.o)
                0x000000000800559c                __swsetup_r
 .text.quorem   0x0000000008005678      0x11a c:/st/stm32cubeide_1.8.0/stm32cubeide/plugins/com.st.stm32cube.ide.mcu.externaltools.gnu-tools-for-stm32.9-2020-q2-update.win32_2.0.0.202105311346/tools/bin/../lib/gcc/arm-none-eabi/9.3.1/../../../../arm-none-eabi/lib/thumb/v7-m/nofp\libc_nano.a(lib_a-dtoa.o)
 *fill*         0x0000000008005792        0x6 
 .text._dtoa_r  0x0000000008005798      0xbdc c:/st/stm32cubeide_1.8.0/stm32cubeide/plugins/com.st.stm32cube.ide.mcu.externaltools.gnu-tools-for-stm32.9-2020-q2-update.win32_2.0.0.202105311346/tools/bin/../lib/gcc/arm-none-eabi/9.3.1/../../../../arm-none-eabi/lib/thumb/v7-m/nofp\libc_nano.a(lib_a-dtoa.o)
                0x0000000008005798                _dtoa_r
 .text.__sflush_r
                0x0000000008006374      0x10c c:/st/stm32cubeide_1.8.0/stm32cubeide/plugins/com.st.stm32cube.ide.mcu.externaltools.gnu-tools-for-stm32.9-2020-q2-update.win32_2.0.0.202105311346/tools/bin/../lib/gcc/arm-none-eabi/9.3.1/../../../../arm-none-eabi/lib/thumb/v7-m/nofp\libc_nano.a(lib_a-fflush.o)
                0x0000000008006374                __sflush_r
 .text._fflush_r
                0x0000000008006480       0x78 c:/st/stm32cubeide_1.8.0/stm32cubeide/plugins/com.st.stm32cube.ide.mcu.externaltools.gnu-tools-for-stm32.9-2020-q2-update.win32_2.0.0.202105311346/tools/bin/../lib/gcc/arm-none-eabi/9.3.1/../../../../arm-none-eabi/lib/thumb/v7-m/nofp\libc_nano.a(lib_a-fflush.o)
                0x0000000008006480                _fflush_r
 .text.std      0x00000000080064f8       0x48 c:/st/stm32cubeide_1.8.0/stm32cubeide/plugins/com.st.stm32cube.ide.mcu.externaltools.gnu-tools-for-stm32.9-2020-q2-update.win32_2.0.0.202105311346/tools/bin/../lib/gcc/arm-none-eabi/9.3.1/../../../../arm-none-eabi/lib/thumb/v7-m/nofp\libc_nano.a(lib_a-findfp.o)
 .text._cleanup_r
                0x0000000008006540        0xc c:/st/stm32cubeide_1.8.0/stm32cubeide/plugins/com.st.stm32cube.ide.mcu.externaltools.gnu-tools-for-stm32.9-2020-q2-update.win32_2.0.0.202105311346/tools/bin/../lib/gcc/arm-none-eabi/9.3.1/../../../../arm-none-eabi/lib/thumb/v7-m/nofp\libc_nano.a(lib_a-findfp.o)
                0x0000000008006540                _cleanup_r
 .text.__sfmoreglue
                0x000000000800654c       0x2c c:/st/stm32cubeide_1.8.0/stm32cubeide/plugins/com.st.stm32cube.ide.mcu.externaltools.gnu-tools-for-stm32.9-2020-q2-update.win32_2.0.0.202105311346/tools/bin/../lib/gcc/arm-none-eabi/9.3.1/../../../../arm-none-eabi/lib/thumb/v7-m/nofp\libc_nano.a(lib_a-findfp.o)
                0x000000000800654c                __sfmoreglue
 .text.__sfp_lock_acquire
                0x0000000008006578        0xc c:/st/stm32cubeide_1.8.0/stm32cubeide/plugins/com.st.stm32cube.ide.mcu.externaltools.gnu-tools-for-stm32.9-2020-q2-update.win32_2.0.0.202105311346/tools/bin/../lib/gcc/arm-none-eabi/9.3.1/../../../../arm-none-eabi/lib/thumb/v7-m/nofp\libc_nano.a(lib_a-findfp.o)
                0x0000000008006578                __sfp_lock_acquire
 .text.__sfp_lock_release
                0x0000000008006584        0xc c:/st/stm32cubeide_1.8.0/stm32cubeide/plugins/com.st.stm32cube.ide.mcu.externaltools.gnu-tools-for-stm32.9-2020-q2-update.win32_2.0.0.202105311346/tools/bin/../lib/gcc/arm-none-eabi/9.3.1/../../../../arm-none-eabi/lib/thumb/v7-m/nofp\libc_nano.a(lib_a-findfp.o)
                0x0000000008006584                __sfp_lock_release
 .text.__sinit_lock_acquire
                0x0000000008006590        0xc c:/st/stm32cubeide_1.8.0/stm32cubeide/plugins/com.st.stm32cube.ide.mcu.externaltools.gnu-tools-for-stm32.9-2020-q2-update.win32_2.0.0.202105311346/tools/bin/../lib/gcc/arm-none-eabi/9.3.1/../../../../arm-none-eabi/lib/thumb/v7-m/nofp\libc_nano.a(lib_a-findfp.o)
                0x0000000008006590                __sinit_lock_acquire
 .text.__sinit_lock_release
                0x000000000800659c        0xc c:/st/stm32cubeide_1.8.0/stm32cubeide/plugins/com.st.stm32cube.ide.mcu.externaltools.gnu-tools-for-stm32.9-2020-q2-update.win32_2.0.0.202105311346/tools/bin/../lib/gcc/arm-none-eabi/9.3.1/../../../../arm-none-eabi/lib/thumb/v7-m/nofp\libc_nano.a(lib_a-findfp.o)
                0x000000000800659c                __sinit_lock_release
 .text.__sinit  0x00000000080065a8       0x70 c:/st/stm32cubeide_1.8.0/stm32cubeide/plugins/com.st.stm32cube.ide.mcu.externaltools.gnu-tools-for-stm32.9-2020-q2-update.win32_2.0.0.202105311346/tools/bin/../lib/gcc/arm-none-eabi/9.3.1/../../../../arm-none-eabi/lib/thumb/v7-m/nofp\libc_nano.a(lib_a-findfp.o)
                0x00000000080065a8                __sinit
 .text.__sfp    0x0000000008006618       0x8c c:/st/stm32cubeide_1.8.0/stm32cubeide/plugins/com.st.stm32cube.ide.mcu.externaltools.gnu-tools-for-stm32.9-2020-q2-update.win32_2.0.0.202105311346/tools/bin/../lib/gcc/arm-none-eabi/9.3.1/../../../../arm-none-eabi/lib/thumb/v7-m/nofp\libc_nano.a(lib_a-findfp.o)
                0x0000000008006618                __sfp
 .text._fwalk_reent
                0x00000000080066a4       0x3e c:/st/stm32cubeide_1.8.0/stm32cubeide/plugins/com.st.stm32cube.ide.mcu.externaltools.gnu-tools-for-stm32.9-2020-q2-update.win32_2.0.0.202105311346/tools/bin/../lib/gcc/arm-none-eabi/9.3.1/../../../../arm-none-eabi/lib/thumb/v7-m/nofp\libc_nano.a(lib_a-fwalk.o)
                0x00000000080066a4                _fwalk_reent
 *fill*         0x00000000080066e2        0x2 
 .text._localeconv_r
                0x00000000080066e4        0x8 c:/st/stm32cubeide_1.8.0/stm32cubeide/plugins/com.st.stm32cube.ide.mcu.externaltools.gnu-tools-for-stm32.9-2020-q2-update.win32_2.0.0.202105311346/tools/bin/../lib/gcc/arm-none-eabi/9.3.1/../../../../arm-none-eabi/lib/thumb/v7-m/nofp\libc_nano.a(lib_a-localeconv.o)
                0x00000000080066e4                _localeconv_r
 .text.__retarget_lock_init_recursive
                0x00000000080066ec        0x2 c:/st/stm32cubeide_1.8.0/stm32cubeide/plugins/com.st.stm32cube.ide.mcu.externaltools.gnu-tools-for-stm32.9-2020-q2-update.win32_2.0.0.202105311346/tools/bin/../lib/gcc/arm-none-eabi/9.3.1/../../../../arm-none-eabi/lib/thumb/v7-m/nofp\libc_nano.a(lib_a-lock.o)
                0x00000000080066ec                __retarget_lock_init_recursive
 .text.__retarget_lock_acquire_recursive
                0x00000000080066ee        0x2 c:/st/stm32cubeide_1.8.0/stm32cubeide/plugins/com.st.stm32cube.ide.mcu.externaltools.gnu-tools-for-stm32.9-2020-q2-update.win32_2.0.0.202105311346/tools/bin/../lib/gcc/arm-none-eabi/9.3.1/../../../../arm-none-eabi/lib/thumb/v7-m/nofp\libc_nano.a(lib_a-lock.o)
                0x00000000080066ee                __retarget_lock_acquire_recursive
 .text.__retarget_lock_release_recursive
                0x00000000080066f0        0x2 c:/st/stm32cubeide_1.8.0/stm32cubeide/plugins/com.st.stm32cube.ide.mcu.externaltools.gnu-tools-for-stm32.9-2020-q2-update.win32_2.0.0.202105311346/tools/bin/../lib/gcc/arm-none-eabi/9.3.1/../../../../arm-none-eabi/lib/thumb/v7-m/nofp\libc_nano.a(lib_a-lock.o)
                0x00000000080066f0                __retarget_lock_release_recursive
 .text.__swhatbuf_r
                0x00000000080066f2       0x48 c:/st/stm32cubeide_1.8.0/stm32cubeide/plugins/com.st.stm32cube.ide.mcu.externaltools.gnu-tools-for-stm32.9-2020-q2-update.win32_2.0.0.202105311346/tools/bin/../lib/gcc/arm-none-eabi/9.3.1/../../../../arm-none-eabi/lib/thumb/v7-m/nofp\libc_nano.a(lib_a-makebuf.o)
                0x00000000080066f2                __swhatbuf_r
 *fill*         0x000000000800673a        0x2 
 .text.__smakebuf_r
                0x000000000800673c       0x80 c:/st/stm32cubeide_1.8.0/stm32cubeide/plugins/com.st.stm32cube.ide.mcu.externaltools.gnu-tools-for-stm32.9-2020-q2-update.win32_2.0.0.202105311346/tools/bin/../lib/gcc/arm-none-eabi/9.3.1/../../../../arm-none-eabi/lib/thumb/v7-m/nofp\libc_nano.a(lib_a-makebuf.o)
                0x000000000800673c                __smakebuf_r
 .text.malloc   0x00000000080067bc       0x10 c:/st/stm32cubeide_1.8.0/stm32cubeide/plugins/com.st.stm32cube.ide.mcu.externaltools.gnu-tools-for-stm32.9-2020-q2-update.win32_2.0.0.202105311346/tools/bin/../lib/gcc/arm-none-eabi/9.3.1/../../../../arm-none-eabi/lib/thumb/v7-m/nofp\libc_nano.a(lib_a-malloc.o)
                0x00000000080067bc                malloc
 .text.memchr   0x00000000080067cc       0x1c c:/st/stm32cubeide_1.8.0/stm32cubeide/plugins/com.st.stm32cube.ide.mcu.externaltools.gnu-tools-for-stm32.9-2020-q2-update.win32_2.0.0.202105311346/tools/bin/../lib/gcc/arm-none-eabi/9.3.1/../../../../arm-none-eabi/lib/thumb/v7-m/nofp\libc_nano.a(lib_a-memchr-stub.o)
                0x00000000080067cc                memchr
 .text.memcpy   0x00000000080067e8       0x1c c:/st/stm32cubeide_1.8.0/stm32cubeide/plugins/com.st.stm32cube.ide.mcu.externaltools.gnu-tools-for-stm32.9-2020-q2-update.win32_2.0.0.202105311346/tools/bin/../lib/gcc/arm-none-eabi/9.3.1/../../../../arm-none-eabi/lib/thumb/v7-m/nofp\libc_nano.a(lib_a-memcpy-stub.o)
                0x00000000080067e8                memcpy
 .text._Balloc  0x0000000008006804       0x80 c:/st/stm32cubeide_1.8.0/stm32cubeide/plugins/com.st.stm32cube.ide.mcu.externaltools.gnu-tools-for-stm32.9-2020-q2-update.win32_2.0.0.202105311346/tools/bin/../lib/gcc/arm-none-eabi/9.3.1/../../../../arm-none-eabi/lib/thumb/v7-m/nofp\libc_nano.a(lib_a-mprec.o)
                0x0000000008006804                _Balloc
 .text._Bfree   0x0000000008006884       0x44 c:/st/stm32cubeide_1.8.0/stm32cubeide/plugins/com.st.stm32cube.ide.mcu.externaltools.gnu-tools-for-stm32.9-2020-q2-update.win32_2.0.0.202105311346/tools/bin/../lib/gcc/arm-none-eabi/9.3.1/../../../../arm-none-eabi/lib/thumb/v7-m/nofp\libc_nano.a(lib_a-mprec.o)
                0x0000000008006884                _Bfree
 .text.__multadd
                0x00000000080068c8       0x94 c:/st/stm32cubeide_1.8.0/stm32cubeide/plugins/com.st.stm32cube.ide.mcu.externaltools.gnu-tools-for-stm32.9-2020-q2-update.win32_2.0.0.202105311346/tools/bin/../lib/gcc/arm-none-eabi/9.3.1/../../../../arm-none-eabi/lib/thumb/v7-m/nofp\libc_nano.a(lib_a-mprec.o)
                0x00000000080068c8                __multadd
 .text.__hi0bits
                0x000000000800695c       0x40 c:/st/stm32cubeide_1.8.0/stm32cubeide/plugins/com.st.stm32cube.ide.mcu.externaltools.gnu-tools-for-stm32.9-2020-q2-update.win32_2.0.0.202105311346/tools/bin/../lib/gcc/arm-none-eabi/9.3.1/../../../../arm-none-eabi/lib/thumb/v7-m/nofp\libc_nano.a(lib_a-mprec.o)
                0x000000000800695c                __hi0bits
 .text.__lo0bits
                0x000000000800699c       0x5c c:/st/stm32cubeide_1.8.0/stm32cubeide/plugins/com.st.stm32cube.ide.mcu.externaltools.gnu-tools-for-stm32.9-2020-q2-update.win32_2.0.0.202105311346/tools/bin/../lib/gcc/arm-none-eabi/9.3.1/../../../../arm-none-eabi/lib/thumb/v7-m/nofp\libc_nano.a(lib_a-mprec.o)
                0x000000000800699c                __lo0bits
 .text.__i2b    0x00000000080069f8       0x2c c:/st/stm32cubeide_1.8.0/stm32cubeide/plugins/com.st.stm32cube.ide.mcu.externaltools.gnu-tools-for-stm32.9-2020-q2-update.win32_2.0.0.202105311346/tools/bin/../lib/gcc/arm-none-eabi/9.3.1/../../../../arm-none-eabi/lib/thumb/v7-m/nofp\libc_nano.a(lib_a-mprec.o)
                0x00000000080069f8                __i2b
 .text.__multiply
                0x0000000008006a24      0x148 c:/st/stm32cubeide_1.8.0/stm32cubeide/plugins/com.st.stm32cube.ide.mcu.externaltools.gnu-tools-for-stm32.9-2020-q2-update.win32_2.0.0.202105311346/tools/bin/../lib/gcc/arm-none-eabi/9.3.1/../../../../arm-none-eabi/lib/thumb/v7-m/nofp\libc_nano.a(lib_a-mprec.o)
                0x0000000008006a24                __multiply
 .text.__pow5mult
                0x0000000008006b6c       0xb4 c:/st/stm32cubeide_1.8.0/stm32cubeide/plugins/com.st.stm32cube.ide.mcu.externaltools.gnu-tools-for-stm32.9-2020-q2-update.win32_2.0.0.202105311346/tools/bin/../lib/gcc/arm-none-eabi/9.3.1/../../../../arm-none-eabi/lib/thumb/v7-m/nofp\libc_nano.a(lib_a-mprec.o)
                0x0000000008006b6c                __pow5mult
 .text.__lshift
                0x0000000008006c20       0xd8 c:/st/stm32cubeide_1.8.0/stm32cubeide/plugins/com.st.stm32cube.ide.mcu.externaltools.gnu-tools-for-stm32.9-2020-q2-update.win32_2.0.0.202105311346/tools/bin/../lib/gcc/arm-none-eabi/9.3.1/../../../../arm-none-eabi/lib/thumb/v7-m/nofp\libc_nano.a(lib_a-mprec.o)
                0x0000000008006c20                __lshift
 .text.__mcmp   0x0000000008006cf8       0x36 c:/st/stm32cubeide_1.8.0/stm32cubeide/plugins/com.st.stm32cube.ide.mcu.externaltools.gnu-tools-for-stm32.9-2020-q2-update.win32_2.0.0.202105311346/tools/bin/../lib/gcc/arm-none-eabi/9.3.1/../../../../arm-none-eabi/lib/thumb/v7-m/nofp\libc_nano.a(lib_a-mprec.o)
                0x0000000008006cf8                __mcmp
 *fill*         0x0000000008006d2e        0x2 
 .text.__mdiff  0x0000000008006d30      0x120 c:/st/stm32cubeide_1.8.0/stm32cubeide/plugins/com.st.stm32cube.ide.mcu.externaltools.gnu-tools-for-stm32.9-2020-q2-update.win32_2.0.0.202105311346/tools/bin/../lib/gcc/arm-none-eabi/9.3.1/../../../../arm-none-eabi/lib/thumb/v7-m/nofp\libc_nano.a(lib_a-mprec.o)
                0x0000000008006d30                __mdiff
 .text.__d2b    0x0000000008006e50       0xb8 c:/st/stm32cubeide_1.8.0/stm32cubeide/plugins/com.st.stm32cube.ide.mcu.externaltools.gnu-tools-for-stm32.9-2020-q2-update.win32_2.0.0.202105311346/tools/bin/../lib/gcc/arm-none-eabi/9.3.1/../../../../arm-none-eabi/lib/thumb/v7-m/nofp\libc_nano.a(lib_a-mprec.o)
                0x0000000008006e50                __d2b
 .text._calloc_r
                0x0000000008006f08       0x1c c:/st/stm32cubeide_1.8.0/stm32cubeide/plugins/com.st.stm32cube.ide.mcu.externaltools.gnu-tools-for-stm32.9-2020-q2-update.win32_2.0.0.202105311346/tools/bin/../lib/gcc/arm-none-eabi/9.3.1/../../../../arm-none-eabi/lib/thumb/v7-m/nofp\libc_nano.a(lib_a-nano-callocr.o)
                0x0000000008006f08                _calloc_r
 .text._free_r  0x0000000008006f24       0x98 c:/st/stm32cubeide_1.8.0/stm32cubeide/plugins/com.st.stm32cube.ide.mcu.externaltools.gnu-tools-for-stm32.9-2020-q2-update.win32_2.0.0.202105311346/tools/bin/../lib/gcc/arm-none-eabi/9.3.1/../../../../arm-none-eabi/lib/thumb/v7-m/nofp\libc_nano.a(lib_a-nano-freer.o)
                0x0000000008006f24                _free_r
 .text._malloc_r
                0x0000000008006fbc       0xb4 c:/st/stm32cubeide_1.8.0/stm32cubeide/plugins/com.st.stm32cube.ide.mcu.externaltools.gnu-tools-for-stm32.9-2020-q2-update.win32_2.0.0.202105311346/tools/bin/../lib/gcc/arm-none-eabi/9.3.1/../../../../arm-none-eabi/lib/thumb/v7-m/nofp\libc_nano.a(lib_a-nano-mallocr.o)
                0x0000000008006fbc                _malloc_r
 .text.__sfputc_r
                0x0000000008007070       0x2a c:/st/stm32cubeide_1.8.0/stm32cubeide/plugins/com.st.stm32cube.ide.mcu.externaltools.gnu-tools-for-stm32.9-2020-q2-update.win32_2.0.0.202105311346/tools/bin/../lib/gcc/arm-none-eabi/9.3.1/../../../../arm-none-eabi/lib/thumb/v7-m/nofp\libc_nano.a(lib_a-nano-vfprintf.o)
 .text.__sfputs_r
                0x000000000800709a       0x24 c:/st/stm32cubeide_1.8.0/stm32cubeide/plugins/com.st.stm32cube.ide.mcu.externaltools.gnu-tools-for-stm32.9-2020-q2-update.win32_2.0.0.202105311346/tools/bin/../lib/gcc/arm-none-eabi/9.3.1/../../../../arm-none-eabi/lib/thumb/v7-m/nofp\libc_nano.a(lib_a-nano-vfprintf.o)
                0x000000000800709a                __sfputs_r
 *fill*         0x00000000080070be        0x2 
 .text._vfprintf_r
                0x00000000080070c0      0x260 c:/st/stm32cubeide_1.8.0/stm32cubeide/plugins/com.st.stm32cube.ide.mcu.externaltools.gnu-tools-for-stm32.9-2020-q2-update.win32_2.0.0.202105311346/tools/bin/../lib/gcc/arm-none-eabi/9.3.1/../../../../arm-none-eabi/lib/thumb/v7-m/nofp\libc_nano.a(lib_a-nano-vfprintf.o)
                0x00000000080070c0                _vfprintf_r
                0x00000000080070c0                _vfiprintf_r
 .text._sbrk_r  0x0000000008007320       0x20 c:/st/stm32cubeide_1.8.0/stm32cubeide/plugins/com.st.stm32cube.ide.mcu.externaltools.gnu-tools-for-stm32.9-2020-q2-update.win32_2.0.0.202105311346/tools/bin/../lib/gcc/arm-none-eabi/9.3.1/../../../../arm-none-eabi/lib/thumb/v7-m/nofp\libc_nano.a(lib_a-sbrkr.o)
                0x0000000008007320                _sbrk_r
 .text.__sread  0x0000000008007340       0x22 c:/st/stm32cubeide_1.8.0/stm32cubeide/plugins/com.st.stm32cube.ide.mcu.externaltools.gnu-tools-for-stm32.9-2020-q2-update.win32_2.0.0.202105311346/tools/bin/../lib/gcc/arm-none-eabi/9.3.1/../../../../arm-none-eabi/lib/thumb/v7-m/nofp\libc_nano.a(lib_a-stdio.o)
                0x0000000008007340                __sread
 .text.__swrite
                0x0000000008007362       0x38 c:/st/stm32cubeide_1.8.0/stm32cubeide/plugins/com.st.stm32cube.ide.mcu.externaltools.gnu-tools-for-stm32.9-2020-q2-update.win32_2.0.0.202105311346/tools/bin/../lib/gcc/arm-none-eabi/9.3.1/../../../../arm-none-eabi/lib/thumb/v7-m/nofp\libc_nano.a(lib_a-stdio.o)
                0x0000000008007362                __swrite
 .text.__sseek  0x000000000800739a       0x24 c:/st/stm32cubeide_1.8.0/stm32cubeide/plugins/com.st.stm32cube.ide.mcu.externaltools.gnu-tools-for-stm32.9-2020-q2-update.win32_2.0.0.202105311346/tools/bin/../lib/gcc/arm-none-eabi/9.3.1/../../../../arm-none-eabi/lib/thumb/v7-m/nofp\libc_nano.a(lib_a-stdio.o)
                0x000000000800739a                __sseek
 .text.__sclose
                0x00000000080073be        0x8 c:/st/stm32cubeide_1.8.0/stm32cubeide/plugins/com.st.stm32cube.ide.mcu.externaltools.gnu-tools-for-stm32.9-2020-q2-update.win32_2.0.0.202105311346/tools/bin/../lib/gcc/arm-none-eabi/9.3.1/../../../../arm-none-eabi/lib/thumb/v7-m/nofp\libc_nano.a(lib_a-stdio.o)
                0x00000000080073be                __sclose
 *fill*         0x00000000080073c6        0x2 
 .text._write_r
                0x00000000080073c8       0x24 c:/st/stm32cubeide_1.8.0/stm32cubeide/plugins/com.st.stm32cube.ide.mcu.externaltools.gnu-tools-for-stm32.9-2020-q2-update.win32_2.0.0.202105311346/tools/bin/../lib/gcc/arm-none-eabi/9.3.1/../../../../arm-none-eabi/lib/thumb/v7-m/nofp\libc_nano.a(lib_a-writer.o)
                0x00000000080073c8                _write_r
 .text.__assert_func
                0x00000000080073ec       0x3c c:/st/stm32cubeide_1.8.0/stm32cubeide/plugins/com.st.stm32cube.ide.mcu.externaltools.gnu-tools-for-stm32.9-2020-q2-update.win32_2.0.0.202105311346/tools/bin/../lib/gcc/arm-none-eabi/9.3.1/../../../../arm-none-eabi/lib/thumb/v7-m/nofp\libc_nano.a(lib_a-assert.o)
                0x00000000080073ec                __assert_func
 .text._close_r
                0x0000000008007428       0x20 c:/st/stm32cubeide_1.8.0/stm32cubeide/plugins/com.st.stm32cube.ide.mcu.externaltools.gnu-tools-for-stm32.9-2020-q2-update.win32_2.0.0.202105311346/tools/bin/../lib/gcc/arm-none-eabi/9.3.1/../../../../arm-none-eabi/lib/thumb/v7-m/nofp\libc_nano.a(lib_a-closer.o)
                0x0000000008007428                _close_r
 .text.fprintf  0x0000000008007448       0x24 c:/st/stm32cubeide_1.8.0/stm32cubeide/plugins/com.st.stm32cube.ide.mcu.externaltools.gnu-tools-for-stm32.9-2020-q2-update.win32_2.0.0.202105311346/tools/bin/../lib/gcc/arm-none-eabi/9.3.1/../../../../arm-none-eabi/lib/thumb/v7-m/nofp\libc_nano.a(lib_a-fprintf.o)
                0x0000000008007448                fiprintf
                0x0000000008007448                fprintf
 .text._fstat_r
                0x000000000800746c       0x24 c:/st/stm32cubeide_1.8.0/stm32cubeide/plugins/com.st.stm32cube.ide.mcu.externaltools.gnu-tools-for-stm32.9-2020-q2-update.win32_2.0.0.202105311346/tools/bin/../lib/gcc/arm-none-eabi/9.3.1/../../../../arm-none-eabi/lib/thumb/v7-m/nofp\libc_nano.a(lib_a-fstatr.o)
                0x000000000800746c                _fstat_r
 .text._isatty_r
                0x0000000008007490       0x20 c:/st/stm32cubeide_1.8.0/stm32cubeide/plugins/com.st.stm32cube.ide.mcu.externaltools.gnu-tools-for-stm32.9-2020-q2-update.win32_2.0.0.202105311346/tools/bin/../lib/gcc/arm-none-eabi/9.3.1/../../../../arm-none-eabi/lib/thumb/v7-m/nofp\libc_nano.a(lib_a-isattyr.o)
                0x0000000008007490                _isatty_r
 .text._lseek_r
                0x00000000080074b0       0x24 c:/st/stm32cubeide_1.8.0/stm32cubeide/plugins/com.st.stm32cube.ide.mcu.externaltools.gnu-tools-for-stm32.9-2020-q2-update.win32_2.0.0.202105311346/tools/bin/../lib/gcc/arm-none-eabi/9.3.1/../../../../arm-none-eabi/lib/thumb/v7-m/nofp\libc_nano.a(lib_a-lseekr.o)
                0x00000000080074b0                _lseek_r
 .text.__ascii_mbtowc
                0x00000000080074d4       0x24 c:/st/stm32cubeide_1.8.0/stm32cubeide/plugins/com.st.stm32cube.ide.mcu.externaltools.gnu-tools-for-stm32.9-2020-q2-update.win32_2.0.0.202105311346/tools/bin/../lib/gcc/arm-none-eabi/9.3.1/../../../../arm-none-eabi/lib/thumb/v7-m/nofp\libc_nano.a(lib_a-mbtowc_r.o)
                0x00000000080074d4                __ascii_mbtowc
 .text.__malloc_lock
                0x00000000080074f8        0xc c:/st/stm32cubeide_1.8.0/stm32cubeide/plugins/com.st.stm32cube.ide.mcu.externaltools.gnu-tools-for-stm32.9-2020-q2-update.win32_2.0.0.202105311346/tools/bin/../lib/gcc/arm-none-eabi/9.3.1/../../../../arm-none-eabi/lib/thumb/v7-m/nofp\libc_nano.a(lib_a-mlock.o)
                0x00000000080074f8                __malloc_lock
 .text.__malloc_unlock
                0x0000000008007504        0xc c:/st/stm32cubeide_1.8.0/stm32cubeide/plugins/com.st.stm32cube.ide.mcu.externaltools.gnu-tools-for-stm32.9-2020-q2-update.win32_2.0.0.202105311346/tools/bin/../lib/gcc/arm-none-eabi/9.3.1/../../../../arm-none-eabi/lib/thumb/v7-m/nofp\libc_nano.a(lib_a-mlock.o)
                0x0000000008007504                __malloc_unlock
 .text._read_r  0x0000000008007510       0x24 c:/st/stm32cubeide_1.8.0/stm32cubeide/plugins/com.st.stm32cube.ide.mcu.externaltools.gnu-tools-for-stm32.9-2020-q2-update.win32_2.0.0.202105311346/tools/bin/../lib/gcc/arm-none-eabi/9.3.1/../../../../arm-none-eabi/lib/thumb/v7-m/nofp\libc_nano.a(lib_a-readr.o)
                0x0000000008007510                _read_r
 .text.__ascii_wctomb
                0x0000000008007534       0x1a c:/st/stm32cubeide_1.8.0/stm32cubeide/plugins/com.st.stm32cube.ide.mcu.externaltools.gnu-tools-for-stm32.9-2020-q2-update.win32_2.0.0.202105311346/tools/bin/../lib/gcc/arm-none-eabi/9.3.1/../../../../arm-none-eabi/lib/thumb/v7-m/nofp\libc_nano.a(lib_a-wctomb_r.o)
                0x0000000008007534                __ascii_wctomb
 .text.abort    0x000000000800754e        0xe c:/st/stm32cubeide_1.8.0/stm32cubeide/plugins/com.st.stm32cube.ide.mcu.externaltools.gnu-tools-for-stm32.9-2020-q2-update.win32_2.0.0.202105311346/tools/bin/../lib/gcc/arm-none-eabi/9.3.1/../../../../arm-none-eabi/lib/thumb/v7-m/nofp\libc_nano.a(lib_a-abort.o)
                0x000000000800754e                abort
 .text._raise_r
                0x000000000800755c       0x50 c:/st/stm32cubeide_1.8.0/stm32cubeide/plugins/com.st.stm32cube.ide.mcu.externaltools.gnu-tools-for-stm32.9-2020-q2-update.win32_2.0.0.202105311346/tools/bin/../lib/gcc/arm-none-eabi/9.3.1/../../../../arm-none-eabi/lib/thumb/v7-m/nofp\libc_nano.a(lib_a-signal.o)
                0x000000000800755c                _raise_r
 .text.raise    0x00000000080075ac       0x10 c:/st/stm32cubeide_1.8.0/stm32cubeide/plugins/com.st.stm32cube.ide.mcu.externaltools.gnu-tools-for-stm32.9-2020-q2-update.win32_2.0.0.202105311346/tools/bin/../lib/gcc/arm-none-eabi/9.3.1/../../../../arm-none-eabi/lib/thumb/v7-m/nofp\libc_nano.a(lib_a-signal.o)
                0x00000000080075ac                raise
 .text._kill_r  0x00000000080075bc       0x24 c:/st/stm32cubeide_1.8.0/stm32cubeide/plugins/com.st.stm32cube.ide.mcu.externaltools.gnu-tools-for-stm32.9-2020-q2-update.win32_2.0.0.202105311346/tools/bin/../lib/gcc/arm-none-eabi/9.3.1/../../../../arm-none-eabi/lib/thumb/v7-m/nofp\libc_nano.a(lib_a-signalr.o)
                0x00000000080075bc                _kill_r
 .text._getpid_r
                0x00000000080075e0        0x4 c:/st/stm32cubeide_1.8.0/stm32cubeide/plugins/com.st.stm32cube.ide.mcu.externaltools.gnu-tools-for-stm32.9-2020-q2-update.win32_2.0.0.202105311346/tools/bin/../lib/gcc/arm-none-eabi/9.3.1/../../../../arm-none-eabi/lib/thumb/v7-m/nofp\libc_nano.a(lib_a-signalr.o)
                0x00000000080075e0                _getpid_r
 *(.glue_7)
 .glue_7        0x00000000080075e4        0x0 linker stubs
 *(.glue_7t)
 .glue_7t       0x00000000080075e4        0x0 linker stubs
 *(.eh_frame)
 .eh_frame      0x00000000080075e4        0x0 c:/st/stm32cubeide_1.8.0/stm32cubeide/plugins/com.st.stm32cube.ide.mcu.externaltools.gnu-tools-for-stm32.9-2020-q2-update.win32_2.0.0.202105311346/tools/bin/../lib/gcc/arm-none-eabi/9.3.1/thumb/v7-m/nofp/crtbegin.o
 *(.init)
 .init          0x00000000080075e4        0x4 c:/st/stm32cubeide_1.8.0/stm32cubeide/plugins/com.st.stm32cube.ide.mcu.externaltools.gnu-tools-for-stm32.9-2020-q2-update.win32_2.0.0.202105311346/tools/bin/../lib/gcc/arm-none-eabi/9.3.1/thumb/v7-m/nofp/crti.o
                0x00000000080075e4                _init
 .init          0x00000000080075e8        0x8 c:/st/stm32cubeide_1.8.0/stm32cubeide/plugins/com.st.stm32cube.ide.mcu.externaltools.gnu-tools-for-stm32.9-2020-q2-update.win32_2.0.0.202105311346/tools/bin/../lib/gcc/arm-none-eabi/9.3.1/thumb/v7-m/nofp/crtn.o
 *(.fini)
 .fini          0x00000000080075f0        0x4 c:/st/stm32cubeide_1.8.0/stm32cubeide/plugins/com.st.stm32cube.ide.mcu.externaltools.gnu-tools-for-stm32.9-2020-q2-update.win32_2.0.0.202105311346/tools/bin/../lib/gcc/arm-none-eabi/9.3.1/thumb/v7-m/nofp/crti.o
                0x00000000080075f0                _fini
 .fini          0x00000000080075f4        0x8 c:/st/stm32cubeide_1.8.0/stm32cubeide/plugins/com.st.stm32cube.ide.mcu.externaltools.gnu-tools-for-stm32.9-2020-q2-update.win32_2.0.0.202105311346/tools/bin/../lib/gcc/arm-none-eabi/9.3.1/thumb/v7-m/nofp/crtn.o
                0x00000000080075fc                . = ALIGN (0x4)
                0x00000000080075fc                _etext = .

.vfp11_veneer   0x00000000080075fc        0x0
 .vfp11_veneer  0x00000000080075fc        0x0 linker stubs

.v4_bx          0x00000000080075fc        0x0
 .v4_bx         0x00000000080075fc        0x0 linker stubs

.iplt           0x00000000080075fc        0x0
 .iplt          0x00000000080075fc        0x0 c:/st/stm32cubeide_1.8.0/stm32cubeide/plugins/com.st.stm32cube.ide.mcu.externaltools.gnu-tools-for-stm32.9-2020-q2-update.win32_2.0.0.202105311346/tools/bin/../lib/gcc/arm-none-eabi/9.3.1/thumb/v7-m/nofp/crtbegin.o

.rodata         0x0000000008007600      0x464
                0x0000000008007600                . = ALIGN (0x4)
 *(.rodata)
 .rodata        0x0000000008007600       0x59 ./Core/Src/main.o
 *(.rodata*)
 *fill*         0x0000000008007659        0x3 
 .rodata.PLLMulTable
                0x000000000800765c        0x9 ./Core/Src/system_stm32l1xx.o
                0x000000000800765c                PLLMulTable
 *fill*         0x0000000008007665        0x3 
 .rodata.AHBPrescTable
                0x0000000008007668       0x10 ./Core/Src/system_stm32l1xx.o
                0x0000000008007668                AHBPrescTable
 .rodata.APBPrescTable
                0x0000000008007678        0x8 ./Core/Src/system_stm32l1xx.o
                0x0000000008007678                APBPrescTable
 .rodata._global_impure_ptr
                0x0000000008007680        0x4 c:/st/stm32cubeide_1.8.0/stm32cubeide/plugins/com.st.stm32cube.ide.mcu.externaltools.gnu-tools-for-stm32.9-2020-q2-update.win32_2.0.0.202105311346/tools/bin/../lib/gcc/arm-none-eabi/9.3.1/../../../../arm-none-eabi/lib/thumb/v7-m/nofp\libc_nano.a(lib_a-impure.o)
                0x0000000008007680                _global_impure_ptr
 .rodata._printf_float.str1.1
                0x0000000008007684       0x12 c:/st/stm32cubeide_1.8.0/stm32cubeide/plugins/com.st.stm32cube.ide.mcu.externaltools.gnu-tools-for-stm32.9-2020-q2-update.win32_2.0.0.202105311346/tools/bin/../lib/gcc/arm-none-eabi/9.3.1/../../../../arm-none-eabi/lib/thumb/v7-m/nofp\libc_nano.a(lib_a-nano-vfprintf_float.o)
 .rodata._printf_i.str1.1
                0x0000000008007696       0x22 c:/st/stm32cubeide_1.8.0/stm32cubeide/plugins/com.st.stm32cube.ide.mcu.externaltools.gnu-tools-for-stm32.9-2020-q2-update.win32_2.0.0.202105311346/tools/bin/../lib/gcc/arm-none-eabi/9.3.1/../../../../arm-none-eabi/lib/thumb/v7-m/nofp\libc_nano.a(lib_a-nano-vfprintf_i.o)
 .rodata._ctype_
                0x00000000080076b8      0x101 c:/st/stm32cubeide_1.8.0/stm32cubeide/plugins/com.st.stm32cube.ide.mcu.externaltools.gnu-tools-for-stm32.9-2020-q2-update.win32_2.0.0.202105311346/tools/bin/../lib/gcc/arm-none-eabi/9.3.1/../../../../arm-none-eabi/lib/thumb/v7-m/nofp\libc_nano.a(lib_a-ctype_.o)
                0x00000000080076b8                _ctype_
 .rodata._dtoa_r.str1.1
                0x00000000080077b9       0x94 c:/st/stm32cubeide_1.8.0/stm32cubeide/plugins/com.st.stm32cube.ide.mcu.externaltools.gnu-tools-for-stm32.9-2020-q2-update.win32_2.0.0.202105311346/tools/bin/../lib/gcc/arm-none-eabi/9.3.1/../../../../arm-none-eabi/lib/thumb/v7-m/nofp\libc_nano.a(lib_a-dtoa.o)
                                         0x96 (size before relaxing)
 *fill*         0x000000000800784d        0x3 
 .rodata.__sf_fake_stderr
                0x0000000008007850       0x20 c:/st/stm32cubeide_1.8.0/stm32cubeide/plugins/com.st.stm32cube.ide.mcu.externaltools.gnu-tools-for-stm32.9-2020-q2-update.win32_2.0.0.202105311346/tools/bin/../lib/gcc/arm-none-eabi/9.3.1/../../../../arm-none-eabi/lib/thumb/v7-m/nofp\libc_nano.a(lib_a-findfp.o)
                0x0000000008007850                __sf_fake_stderr
 .rodata.__sf_fake_stdin
                0x0000000008007870       0x20 c:/st/stm32cubeide_1.8.0/stm32cubeide/plugins/com.st.stm32cube.ide.mcu.externaltools.gnu-tools-for-stm32.9-2020-q2-update.win32_2.0.0.202105311346/tools/bin/../lib/gcc/arm-none-eabi/9.3.1/../../../../arm-none-eabi/lib/thumb/v7-m/nofp\libc_nano.a(lib_a-findfp.o)
                0x0000000008007870                __sf_fake_stdin
 .rodata.__sf_fake_stdout
                0x0000000008007890       0x20 c:/st/stm32cubeide_1.8.0/stm32cubeide/plugins/com.st.stm32cube.ide.mcu.externaltools.gnu-tools-for-stm32.9-2020-q2-update.win32_2.0.0.202105311346/tools/bin/../lib/gcc/arm-none-eabi/9.3.1/../../../../arm-none-eabi/lib/thumb/v7-m/nofp\libc_nano.a(lib_a-findfp.o)
                0x0000000008007890                __sf_fake_stdout
 .rodata._Balloc.str1.1
                0x00000000080078b0       0x60 c:/st/stm32cubeide_1.8.0/stm32cubeide/plugins/com.st.stm32cube.ide.mcu.externaltools.gnu-tools-for-stm32.9-2020-q2-update.win32_2.0.0.202105311346/tools/bin/../lib/gcc/arm-none-eabi/9.3.1/../../../../arm-none-eabi/lib/thumb/v7-m/nofp\libc_nano.a(lib_a-mprec.o)
                                         0x77 (size before relaxing)
 .rodata.__multadd.str1.1
                0x0000000008007910       0x11 c:/st/stm32cubeide_1.8.0/stm32cubeide/plugins/com.st.stm32cube.ide.mcu.externaltools.gnu-tools-for-stm32.9-2020-q2-update.win32_2.0.0.202105311346/tools/bin/../lib/gcc/arm-none-eabi/9.3.1/../../../../arm-none-eabi/lib/thumb/v7-m/nofp\libc_nano.a(lib_a-mprec.o)
 .rodata.__mprec_bigtens
                0x0000000008007910       0x28 c:/st/stm32cubeide_1.8.0/stm32cubeide/plugins/com.st.stm32cube.ide.mcu.externaltools.gnu-tools-for-stm32.9-2020-q2-update.win32_2.0.0.202105311346/tools/bin/../lib/gcc/arm-none-eabi/9.3.1/../../../../arm-none-eabi/lib/thumb/v7-m/nofp\libc_nano.a(lib_a-mprec.o)
                0x0000000008007910                __mprec_bigtens
 .rodata.__mprec_tens
                0x0000000008007938       0xc8 c:/st/stm32cubeide_1.8.0/stm32cubeide/plugins/com.st.stm32cube.ide.mcu.externaltools.gnu-tools-for-stm32.9-2020-q2-update.win32_2.0.0.202105311346/tools/bin/../lib/gcc/arm-none-eabi/9.3.1/../../../../arm-none-eabi/lib/thumb/v7-m/nofp\libc_nano.a(lib_a-mprec.o)
                0x0000000008007938                __mprec_tens
 .rodata.p05.6150
                0x0000000008007a00        0xc c:/st/stm32cubeide_1.8.0/stm32cubeide/plugins/com.st.stm32cube.ide.mcu.externaltools.gnu-tools-for-stm32.9-2020-q2-update.win32_2.0.0.202105311346/tools/bin/../lib/gcc/arm-none-eabi/9.3.1/../../../../arm-none-eabi/lib/thumb/v7-m/nofp\libc_nano.a(lib_a-mprec.o)
 .rodata._vfprintf_r.str1.1
                0x0000000008007a0c       0x11 c:/st/stm32cubeide_1.8.0/stm32cubeide/plugins/com.st.stm32cube.ide.mcu.externaltools.gnu-tools-for-stm32.9-2020-q2-update.win32_2.0.0.202105311346/tools/bin/../lib/gcc/arm-none-eabi/9.3.1/../../../../arm-none-eabi/lib/thumb/v7-m/nofp\libc_nano.a(lib_a-nano-vfprintf.o)
 .rodata.__assert_func.str1.1
                0x0000000008007a1d       0x3c c:/st/stm32cubeide_1.8.0/stm32cubeide/plugins/com.st.stm32cube.ide.mcu.externaltools.gnu-tools-for-stm32.9-2020-q2-update.win32_2.0.0.202105311346/tools/bin/../lib/gcc/arm-none-eabi/9.3.1/../../../../arm-none-eabi/lib/thumb/v7-m/nofp\libc_nano.a(lib_a-assert.o)
                                         0x3d (size before relaxing)
 .rodata._setlocale_r.str1.1
                0x0000000008007a59        0x8 c:/st/stm32cubeide_1.8.0/stm32cubeide/plugins/com.st.stm32cube.ide.mcu.externaltools.gnu-tools-for-stm32.9-2020-q2-update.win32_2.0.0.202105311346/tools/bin/../lib/gcc/arm-none-eabi/9.3.1/../../../../arm-none-eabi/lib/thumb/v7-m/nofp\libc_nano.a(lib_a-locale.o)
                                          0x9 (size before relaxing)
 .rodata.str1.1
                0x0000000008007a61        0x2 c:/st/stm32cubeide_1.8.0/stm32cubeide/plugins/com.st.stm32cube.ide.mcu.externaltools.gnu-tools-for-stm32.9-2020-q2-update.win32_2.0.0.202105311346/tools/bin/../lib/gcc/arm-none-eabi/9.3.1/../../../../arm-none-eabi/lib/thumb/v7-m/nofp\libc_nano.a(lib_a-locale.o)
                0x0000000008007a64                . = ALIGN (0x4)
 *fill*         0x0000000008007a63        0x1 

.ARM.extab      0x0000000008007a64        0x0
                0x0000000008007a64                . = ALIGN (0x4)
 *(.ARM.extab* .gnu.linkonce.armextab.*)
                0x0000000008007a64                . = ALIGN (0x4)

.ARM            0x0000000008007a64        0x8
                0x0000000008007a64                . = ALIGN (0x4)
                0x0000000008007a64                __exidx_start = .
 *(.ARM.exidx*)
 .ARM.exidx     0x0000000008007a64        0x8 c:/st/stm32cubeide_1.8.0/stm32cubeide/plugins/com.st.stm32cube.ide.mcu.externaltools.gnu-tools-for-stm32.9-2020-q2-update.win32_2.0.0.202105311346/tools/bin/../lib/gcc/arm-none-eabi/9.3.1/thumb/v7-m/nofp\libgcc.a(_udivmoddi4.o)
                0x0000000008007a6c                __exidx_end = .
                0x0000000008007a6c                . = ALIGN (0x4)

.rel.dyn        0x0000000008007a6c        0x0
 .rel.iplt      0x0000000008007a6c        0x0 c:/st/stm32cubeide_1.8.0/stm32cubeide/plugins/com.st.stm32cube.ide.mcu.externaltools.gnu-tools-for-stm32.9-2020-q2-update.win32_2.0.0.202105311346/tools/bin/../lib/gcc/arm-none-eabi/9.3.1/thumb/v7-m/nofp/crtbegin.o

.preinit_array  0x0000000008007a6c        0x0
                0x0000000008007a6c                . = ALIGN (0x4)
                0x0000000008007a6c                PROVIDE (__preinit_array_start = .)
 *(.preinit_array*)
                0x0000000008007a6c                PROVIDE (__preinit_array_end = .)
                0x0000000008007a6c                . = ALIGN (0x4)

.init_array     0x0000000008007a6c        0x4
                0x0000000008007a6c                . = ALIGN (0x4)
                0x0000000008007a6c                PROVIDE (__init_array_start = .)
 *(SORT_BY_NAME(.init_array.*))
 *(.init_array*)
 .init_array    0x0000000008007a6c        0x4 c:/st/stm32cubeide_1.8.0/stm32cubeide/plugins/com.st.stm32cube.ide.mcu.externaltools.gnu-tools-for-stm32.9-2020-q2-update.win32_2.0.0.202105311346/tools/bin/../lib/gcc/arm-none-eabi/9.3.1/thumb/v7-m/nofp/crtbegin.o
                0x0000000008007a70                PROVIDE (__init_array_end = .)
                0x0000000008007a70                . = ALIGN (0x4)

.fini_array     0x0000000008007a70        0x4
                0x0000000008007a70                . = ALIGN (0x4)
                [!provide]                        PROVIDE (__fini_array_start = .)
 *(SORT_BY_NAME(.fini_array.*))
 *(.fini_array*)
 .fini_array    0x0000000008007a70        0x4 c:/st/stm32cubeide_1.8.0/stm32cubeide/plugins/com.st.stm32cube.ide.mcu.externaltools.gnu-tools-for-stm32.9-2020-q2-update.win32_2.0.0.202105311346/tools/bin/../lib/gcc/arm-none-eabi/9.3.1/thumb/v7-m/nofp/crtbegin.o
                [!provide]                        PROVIDE (__fini_array_end = .)
                0x0000000008007a74                . = ALIGN (0x4)
                0x0000000008007a74                _sidata = LOADADDR (.data)

.data           0x0000000020000000      0x1e0 load address 0x0000000008007a74
                0x0000000020000000                . = ALIGN (0x4)
                0x0000000020000000                _sdata = .
 *(.data)
 *(.data*)
 .data.state    0x0000000020000000        0x1 ./Core/Src/main.o
                0x0000000020000000                state
 *fill*         0x0000000020000001        0x3 
 .data.SystemCoreClock
                0x0000000020000004        0x4 ./Core/Src/system_stm32l1xx.o
                0x0000000020000004                SystemCoreClock
 .data.uwTickPrio
                0x0000000020000008        0x4 ./Drivers/STM32L1xx_HAL_Driver/Src/stm32l1xx_hal.o
                0x0000000020000008                uwTickPrio
 .data.uwTickFreq
                0x000000002000000c        0x4 ./Drivers/STM32L1xx_HAL_Driver/Src/stm32l1xx_hal.o
                0x000000002000000c                uwTickFreq
 .data._impure_ptr
                0x0000000020000010        0x4 c:/st/stm32cubeide_1.8.0/stm32cubeide/plugins/com.st.stm32cube.ide.mcu.externaltools.gnu-tools-for-stm32.9-2020-q2-update.win32_2.0.0.202105311346/tools/bin/../lib/gcc/arm-none-eabi/9.3.1/../../../../arm-none-eabi/lib/thumb/v7-m/nofp\libc_nano.a(lib_a-impure.o)
                0x0000000020000010                _impure_ptr
 .data.impure_data
                0x0000000020000014       0x60 c:/st/stm32cubeide_1.8.0/stm32cubeide/plugins/com.st.stm32cube.ide.mcu.externaltools.gnu-tools-for-stm32.9-2020-q2-update.win32_2.0.0.202105311346/tools/bin/../lib/gcc/arm-none-eabi/9.3.1/../../../../arm-none-eabi/lib/thumb/v7-m/nofp\libc_nano.a(lib_a-impure.o)
 .data.__global_locale
                0x0000000020000074      0x16c c:/st/stm32cubeide_1.8.0/stm32cubeide/plugins/com.st.stm32cube.ide.mcu.externaltools.gnu-tools-for-stm32.9-2020-q2-update.win32_2.0.0.202105311346/tools/bin/../lib/gcc/arm-none-eabi/9.3.1/../../../../arm-none-eabi/lib/thumb/v7-m/nofp\libc_nano.a(lib_a-locale.o)
                0x0000000020000074                __global_locale
 *(.RamFunc)
 *(.RamFunc*)
                0x00000000200001e0                . = ALIGN (0x4)
                0x00000000200001e0                _edata = .

.igot.plt       0x00000000200001e0        0x0 load address 0x0000000008007c54
 .igot.plt      0x00000000200001e0        0x0 c:/st/stm32cubeide_1.8.0/stm32cubeide/plugins/com.st.stm32cube.ide.mcu.externaltools.gnu-tools-for-stm32.9-2020-q2-update.win32_2.0.0.202105311346/tools/bin/../lib/gcc/arm-none-eabi/9.3.1/thumb/v7-m/nofp/crtbegin.o
                0x00000000200001e0                . = ALIGN (0x4)

.bss            0x00000000200001e0      0x224 load address 0x0000000008007c54
                0x00000000200001e0                _sbss = .
                0x00000000200001e0                __bss_start__ = _sbss
 *(.bss)
 .bss           0x00000000200001e0       0x1c c:/st/stm32cubeide_1.8.0/stm32cubeide/plugins/com.st.stm32cube.ide.mcu.externaltools.gnu-tools-for-stm32.9-2020-q2-update.win32_2.0.0.202105311346/tools/bin/../lib/gcc/arm-none-eabi/9.3.1/thumb/v7-m/nofp/crtbegin.o
 *(.bss*)
 .bss.RX_BUFFER
                0x00000000200001fc        0x1 ./Core/Src/main.o
                0x00000000200001fc                RX_BUFFER
 *fill*         0x00000000200001fd        0x3 
 .bss.born1     0x0000000020000200        0x4 ./Core/Src/main.o
                0x0000000020000200                born1
 .bss.born2     0x0000000020000204        0x4 ./Core/Src/main.o
                0x0000000020000204                born2
 .bss.__sbrk_heap_end
                0x0000000020000208        0x4 ./Core/Src/sysmem.o
 .bss.__malloc_free_list
                0x000000002000020c        0x4 c:/st/stm32cubeide_1.8.0/stm32cubeide/plugins/com.st.stm32cube.ide.mcu.externaltools.gnu-tools-for-stm32.9-2020-q2-update.win32_2.0.0.202105311346/tools/bin/../lib/gcc/arm-none-eabi/9.3.1/../../../../arm-none-eabi/lib/thumb/v7-m/nofp\libc_nano.a(lib_a-nano-mallocr.o)
                0x000000002000020c                __malloc_free_list
 .bss.__malloc_sbrk_start
                0x0000000020000210        0x4 c:/st/stm32cubeide_1.8.0/stm32cubeide/plugins/com.st.stm32cube.ide.mcu.externaltools.gnu-tools-for-stm32.9-2020-q2-update.win32_2.0.0.202105311346/tools/bin/../lib/gcc/arm-none-eabi/9.3.1/../../../../arm-none-eabi/lib/thumb/v7-m/nofp\libc_nano.a(lib_a-nano-mallocr.o)
                0x0000000020000210                __malloc_sbrk_start
 *(COMMON)
 COMMON         0x0000000020000214      0x1dc ./Core/Src/main.o
                0x0000000020000214                acceleration_turn_command
                0x0000000020000218                command_sent
                0x000000002000027c                buff
                0x0000000020000280                htim3
                0x00000000200002c0                print_now
                0x00000000200002c4                huart1
                0x0000000020000308                print_old
                0x000000002000030c                number_convertion
                0x0000000020000318                htim2
                0x0000000020000358                huart2
                0x000000002000039c                hadc
 COMMON         0x00000000200003f0        0x4 ./Drivers/STM32L1xx_HAL_Driver/Src/stm32l1xx_hal.o
                0x00000000200003f0                uwTick
 COMMON         0x00000000200003f4        0x9 c:/st/stm32cubeide_1.8.0/stm32cubeide/plugins/com.st.stm32cube.ide.mcu.externaltools.gnu-tools-for-stm32.9-2020-q2-update.win32_2.0.0.202105311346/tools/bin/../lib/gcc/arm-none-eabi/9.3.1/../../../../arm-none-eabi/lib/thumb/v7-m/nofp\libc_nano.a(lib_a-lock.o)
                0x00000000200003f4                __lock___atexit_recursive_mutex
                0x00000000200003f5                __lock___arc4random_mutex
                0x00000000200003f6                __lock___env_recursive_mutex
                0x00000000200003f7                __lock___sinit_recursive_mutex
                0x00000000200003f8                __lock___malloc_recursive_mutex
                0x00000000200003f9                __lock___at_quick_exit_mutex
                0x00000000200003fa                __lock___dd_hash_mutex
                0x00000000200003fb                __lock___tz_mutex
                0x00000000200003fc                __lock___sfp_recursive_mutex
 *fill*         0x00000000200003fd        0x3 
 COMMON         0x0000000020000400        0x4 c:/st/stm32cubeide_1.8.0/stm32cubeide/plugins/com.st.stm32cube.ide.mcu.externaltools.gnu-tools-for-stm32.9-2020-q2-update.win32_2.0.0.202105311346/tools/bin/../lib/gcc/arm-none-eabi/9.3.1/../../../../arm-none-eabi/lib/thumb/v7-m/nofp\libc_nano.a(lib_a-reent.o)
                0x0000000020000400                errno
                0x0000000020000404                . = ALIGN (0x4)
                0x0000000020000404                _ebss = .
                0x0000000020000404                __bss_end__ = _ebss

._user_heap_stack
                0x0000000020000404      0x604 load address 0x0000000008007c54
                0x0000000020000408                . = ALIGN (0x8)
 *fill*         0x0000000020000404        0x4 
                [!provide]                        PROVIDE (end = .)
                0x0000000020000408                PROVIDE (_end = .)
                0x0000000020000608                . = (. + _Min_Heap_Size)
 *fill*         0x0000000020000408      0x200 
                0x0000000020000a08                . = (. + _Min_Stack_Size)
 *fill*         0x0000000020000608      0x400 
                0x0000000020000a08                . = ALIGN (0x8)

/DISCARD/
 libc.a(*)
 libm.a(*)
 libgcc.a(*)

.ARM.attributes
                0x0000000000000000       0x29
 *(.ARM.attributes)
 .ARM.attributes
                0x0000000000000000       0x1d c:/st/stm32cubeide_1.8.0/stm32cubeide/plugins/com.st.stm32cube.ide.mcu.externaltools.gnu-tools-for-stm32.9-2020-q2-update.win32_2.0.0.202105311346/tools/bin/../lib/gcc/arm-none-eabi/9.3.1/thumb/v7-m/nofp/crti.o
 .ARM.attributes
                0x000000000000001d       0x2d c:/st/stm32cubeide_1.8.0/stm32cubeide/plugins/com.st.stm32cube.ide.mcu.externaltools.gnu-tools-for-stm32.9-2020-q2-update.win32_2.0.0.202105311346/tools/bin/../lib/gcc/arm-none-eabi/9.3.1/thumb/v7-m/nofp/crtbegin.o
 .ARM.attributes
                0x000000000000004a       0x2d ./Core/Src/main.o
 .ARM.attributes
                0x0000000000000077       0x2d ./Core/Src/stm32l1xx_hal_msp.o
 .ARM.attributes
                0x00000000000000a4       0x2d ./Core/Src/stm32l1xx_it.o
 .ARM.attributes
                0x00000000000000d1       0x2d ./Core/Src/syscalls.o
 .ARM.attributes
                0x00000000000000fe       0x2d ./Core/Src/sysmem.o
 .ARM.attributes
                0x000000000000012b       0x2d ./Core/Src/system_stm32l1xx.o
 .ARM.attributes
                0x0000000000000158       0x21 ./Core/Startup/startup_stm32l152retx.o
 .ARM.attributes
                0x0000000000000179       0x2d ./Drivers/STM32L1xx_HAL_Driver/Src/stm32l1xx_hal.o
 .ARM.attributes
                0x00000000000001a6       0x2d ./Drivers/STM32L1xx_HAL_Driver/Src/stm32l1xx_hal_adc.o
 .ARM.attributes
                0x00000000000001d3       0x2d ./Drivers/STM32L1xx_HAL_Driver/Src/stm32l1xx_hal_cortex.o
 .ARM.attributes
                0x0000000000000200       0x2d ./Drivers/STM32L1xx_HAL_Driver/Src/stm32l1xx_hal_dma.o
 .ARM.attributes
                0x000000000000022d       0x2d ./Drivers/STM32L1xx_HAL_Driver/Src/stm32l1xx_hal_gpio.o
 .ARM.attributes
                0x000000000000025a       0x2d ./Drivers/STM32L1xx_HAL_Driver/Src/stm32l1xx_hal_rcc.o
 .ARM.attributes
                0x0000000000000287       0x2d ./Drivers/STM32L1xx_HAL_Driver/Src/stm32l1xx_hal_tim.o
 .ARM.attributes
                0x00000000000002b4       0x2d ./Drivers/STM32L1xx_HAL_Driver/Src/stm32l1xx_hal_tim_ex.o
 .ARM.attributes
                0x00000000000002e1       0x2d ./Drivers/STM32L1xx_HAL_Driver/Src/stm32l1xx_hal_uart.o
 .ARM.attributes
                0x000000000000030e       0x2d c:/st/stm32cubeide_1.8.0/stm32cubeide/plugins/com.st.stm32cube.ide.mcu.externaltools.gnu-tools-for-stm32.9-2020-q2-update.win32_2.0.0.202105311346/tools/bin/../lib/gcc/arm-none-eabi/9.3.1/../../../../arm-none-eabi/lib/thumb/v7-m/nofp\libc_nano.a(lib_a-atoi.o)
 .ARM.attributes
                0x000000000000033b       0x2d c:/st/stm32cubeide_1.8.0/stm32cubeide/plugins/com.st.stm32cube.ide.mcu.externaltools.gnu-tools-for-stm32.9-2020-q2-update.win32_2.0.0.202105311346/tools/bin/../lib/gcc/arm-none-eabi/9.3.1/../../../../arm-none-eabi/lib/thumb/v7-m/nofp\libc_nano.a(lib_a-errno.o)
 .ARM.attributes
                0x0000000000000368       0x2d c:/st/stm32cubeide_1.8.0/stm32cubeide/plugins/com.st.stm32cube.ide.mcu.externaltools.gnu-tools-for-stm32.9-2020-q2-update.win32_2.0.0.202105311346/tools/bin/../lib/gcc/arm-none-eabi/9.3.1/../../../../arm-none-eabi/lib/thumb/v7-m/nofp\libc_nano.a(lib_a-impure.o)
 .ARM.attributes
                0x0000000000000395       0x2d c:/st/stm32cubeide_1.8.0/stm32cubeide/plugins/com.st.stm32cube.ide.mcu.externaltools.gnu-tools-for-stm32.9-2020-q2-update.win32_2.0.0.202105311346/tools/bin/../lib/gcc/arm-none-eabi/9.3.1/../../../../arm-none-eabi/lib/thumb/v7-m/nofp\libc_nano.a(lib_a-init.o)
 .ARM.attributes
                0x00000000000003c2       0x2d c:/st/stm32cubeide_1.8.0/stm32cubeide/plugins/com.st.stm32cube.ide.mcu.externaltools.gnu-tools-for-stm32.9-2020-q2-update.win32_2.0.0.202105311346/tools/bin/../lib/gcc/arm-none-eabi/9.3.1/../../../../arm-none-eabi/lib/thumb/v7-m/nofp\libc_nano.a(lib_a-memset.o)
 .ARM.attributes
                0x00000000000003ef       0x2d c:/st/stm32cubeide_1.8.0/stm32cubeide/plugins/com.st.stm32cube.ide.mcu.externaltools.gnu-tools-for-stm32.9-2020-q2-update.win32_2.0.0.202105311346/tools/bin/../lib/gcc/arm-none-eabi/9.3.1/../../../../arm-none-eabi/lib/thumb/v7-m/nofp\libc_nano.a(lib_a-nano-vfprintf_float.o)
 .ARM.attributes
                0x000000000000041c       0x2d c:/st/stm32cubeide_1.8.0/stm32cubeide/plugins/com.st.stm32cube.ide.mcu.externaltools.gnu-tools-for-stm32.9-2020-q2-update.win32_2.0.0.202105311346/tools/bin/../lib/gcc/arm-none-eabi/9.3.1/../../../../arm-none-eabi/lib/thumb/v7-m/nofp\libc_nano.a(lib_a-nano-vfprintf_i.o)
 .ARM.attributes
                0x0000000000000449       0x2d c:/st/stm32cubeide_1.8.0/stm32cubeide/plugins/com.st.stm32cube.ide.mcu.externaltools.gnu-tools-for-stm32.9-2020-q2-update.win32_2.0.0.202105311346/tools/bin/../lib/gcc/arm-none-eabi/9.3.1/../../../../arm-none-eabi/lib/thumb/v7-m/nofp\libc_nano.a(lib_a-printf.o)
 .ARM.attributes
                0x0000000000000476       0x2d c:/st/stm32cubeide_1.8.0/stm32cubeide/plugins/com.st.stm32cube.ide.mcu.externaltools.gnu-tools-for-stm32.9-2020-q2-update.win32_2.0.0.202105311346/tools/bin/../lib/gcc/arm-none-eabi/9.3.1/../../../../arm-none-eabi/lib/thumb/v7-m/nofp\libc_nano.a(lib_a-puts.o)
 .ARM.attributes
                0x00000000000004a3       0x17 c:/st/stm32cubeide_1.8.0/stm32cubeide/plugins/com.st.stm32cube.ide.mcu.externaltools.gnu-tools-for-stm32.9-2020-q2-update.win32_2.0.0.202105311346/tools/bin/../lib/gcc/arm-none-eabi/9.3.1/../../../../arm-none-eabi/lib/thumb/v7-m/nofp\libc_nano.a(lib_a-strlen.o)
 .ARM.attributes
                0x00000000000004ba       0x2d c:/st/stm32cubeide_1.8.0/stm32cubeide/plugins/com.st.stm32cube.ide.mcu.externaltools.gnu-tools-for-stm32.9-2020-q2-update.win32_2.0.0.202105311346/tools/bin/../lib/gcc/arm-none-eabi/9.3.1/../../../../arm-none-eabi/lib/thumb/v7-m/nofp\libc_nano.a(lib_a-strncat.o)
 .ARM.attributes
                0x00000000000004e7       0x2d c:/st/stm32cubeide_1.8.0/stm32cubeide/plugins/com.st.stm32cube.ide.mcu.externaltools.gnu-tools-for-stm32.9-2020-q2-update.win32_2.0.0.202105311346/tools/bin/../lib/gcc/arm-none-eabi/9.3.1/../../../../arm-none-eabi/lib/thumb/v7-m/nofp\libc_nano.a(lib_a-strtol.o)
 .ARM.attributes
                0x0000000000000514       0x2d c:/st/stm32cubeide_1.8.0/stm32cubeide/plugins/com.st.stm32cube.ide.mcu.externaltools.gnu-tools-for-stm32.9-2020-q2-update.win32_2.0.0.202105311346/tools/bin/../lib/gcc/arm-none-eabi/9.3.1/../../../../arm-none-eabi/lib/thumb/v7-m/nofp\libc_nano.a(lib_a-wbuf.o)
 .ARM.attributes
                0x0000000000000541       0x2d c:/st/stm32cubeide_1.8.0/stm32cubeide/plugins/com.st.stm32cube.ide.mcu.externaltools.gnu-tools-for-stm32.9-2020-q2-update.win32_2.0.0.202105311346/tools/bin/../lib/gcc/arm-none-eabi/9.3.1/../../../../arm-none-eabi/lib/thumb/v7-m/nofp\libc_nano.a(lib_a-wsetup.o)
 .ARM.attributes
                0x000000000000056e       0x2d c:/st/stm32cubeide_1.8.0/stm32cubeide/plugins/com.st.stm32cube.ide.mcu.externaltools.gnu-tools-for-stm32.9-2020-q2-update.win32_2.0.0.202105311346/tools/bin/../lib/gcc/arm-none-eabi/9.3.1/../../../../arm-none-eabi/lib/thumb/v7-m/nofp\libc_nano.a(lib_a-ctype_.o)
 .ARM.attributes
                0x000000000000059b       0x2d c:/st/stm32cubeide_1.8.0/stm32cubeide/plugins/com.st.stm32cube.ide.mcu.externaltools.gnu-tools-for-stm32.9-2020-q2-update.win32_2.0.0.202105311346/tools/bin/../lib/gcc/arm-none-eabi/9.3.1/../../../../arm-none-eabi/lib/thumb/v7-m/nofp\libc_nano.a(lib_a-dtoa.o)
 .ARM.attributes
                0x00000000000005c8       0x2d c:/st/stm32cubeide_1.8.0/stm32cubeide/plugins/com.st.stm32cube.ide.mcu.externaltools.gnu-tools-for-stm32.9-2020-q2-update.win32_2.0.0.202105311346/tools/bin/../lib/gcc/arm-none-eabi/9.3.1/../../../../arm-none-eabi/lib/thumb/v7-m/nofp\libc_nano.a(lib_a-fflush.o)
 .ARM.attributes
                0x00000000000005f5       0x2d c:/st/stm32cubeide_1.8.0/stm32cubeide/plugins/com.st.stm32cube.ide.mcu.externaltools.gnu-tools-for-stm32.9-2020-q2-update.win32_2.0.0.202105311346/tools/bin/../lib/gcc/arm-none-eabi/9.3.1/../../../../arm-none-eabi/lib/thumb/v7-m/nofp\libc_nano.a(lib_a-findfp.o)
 .ARM.attributes
                0x0000000000000622       0x2d c:/st/stm32cubeide_1.8.0/stm32cubeide/plugins/com.st.stm32cube.ide.mcu.externaltools.gnu-tools-for-stm32.9-2020-q2-update.win32_2.0.0.202105311346/tools/bin/../lib/gcc/arm-none-eabi/9.3.1/../../../../arm-none-eabi/lib/thumb/v7-m/nofp\libc_nano.a(lib_a-fwalk.o)
 .ARM.attributes
                0x000000000000064f       0x2d c:/st/stm32cubeide_1.8.0/stm32cubeide/plugins/com.st.stm32cube.ide.mcu.externaltools.gnu-tools-for-stm32.9-2020-q2-update.win32_2.0.0.202105311346/tools/bin/../lib/gcc/arm-none-eabi/9.3.1/../../../../arm-none-eabi/lib/thumb/v7-m/nofp\libc_nano.a(lib_a-localeconv.o)
 .ARM.attributes
                0x000000000000067c       0x2d c:/st/stm32cubeide_1.8.0/stm32cubeide/plugins/com.st.stm32cube.ide.mcu.externaltools.gnu-tools-for-stm32.9-2020-q2-update.win32_2.0.0.202105311346/tools/bin/../lib/gcc/arm-none-eabi/9.3.1/../../../../arm-none-eabi/lib/thumb/v7-m/nofp\libc_nano.a(lib_a-lock.o)
 .ARM.attributes
                0x00000000000006a9       0x2d c:/st/stm32cubeide_1.8.0/stm32cubeide/plugins/com.st.stm32cube.ide.mcu.externaltools.gnu-tools-for-stm32.9-2020-q2-update.win32_2.0.0.202105311346/tools/bin/../lib/gcc/arm-none-eabi/9.3.1/../../../../arm-none-eabi/lib/thumb/v7-m/nofp\libc_nano.a(lib_a-makebuf.o)
 .ARM.attributes
                0x00000000000006d6       0x2d c:/st/stm32cubeide_1.8.0/stm32cubeide/plugins/com.st.stm32cube.ide.mcu.externaltools.gnu-tools-for-stm32.9-2020-q2-update.win32_2.0.0.202105311346/tools/bin/../lib/gcc/arm-none-eabi/9.3.1/../../../../arm-none-eabi/lib/thumb/v7-m/nofp\libc_nano.a(lib_a-malloc.o)
 .ARM.attributes
                0x0000000000000703       0x2d c:/st/stm32cubeide_1.8.0/stm32cubeide/plugins/com.st.stm32cube.ide.mcu.externaltools.gnu-tools-for-stm32.9-2020-q2-update.win32_2.0.0.202105311346/tools/bin/../lib/gcc/arm-none-eabi/9.3.1/../../../../arm-none-eabi/lib/thumb/v7-m/nofp\libc_nano.a(lib_a-memchr-stub.o)
 .ARM.attributes
                0x0000000000000730       0x2d c:/st/stm32cubeide_1.8.0/stm32cubeide/plugins/com.st.stm32cube.ide.mcu.externaltools.gnu-tools-for-stm32.9-2020-q2-update.win32_2.0.0.202105311346/tools/bin/../lib/gcc/arm-none-eabi/9.3.1/../../../../arm-none-eabi/lib/thumb/v7-m/nofp\libc_nano.a(lib_a-memcpy-stub.o)
 .ARM.attributes
                0x000000000000075d       0x2d c:/st/stm32cubeide_1.8.0/stm32cubeide/plugins/com.st.stm32cube.ide.mcu.externaltools.gnu-tools-for-stm32.9-2020-q2-update.win32_2.0.0.202105311346/tools/bin/../lib/gcc/arm-none-eabi/9.3.1/../../../../arm-none-eabi/lib/thumb/v7-m/nofp\libc_nano.a(lib_a-mprec.o)
 .ARM.attributes
                0x000000000000078a       0x2d c:/st/stm32cubeide_1.8.0/stm32cubeide/plugins/com.st.stm32cube.ide.mcu.externaltools.gnu-tools-for-stm32.9-2020-q2-update.win32_2.0.0.202105311346/tools/bin/../lib/gcc/arm-none-eabi/9.3.1/../../../../arm-none-eabi/lib/thumb/v7-m/nofp\libc_nano.a(lib_a-nano-callocr.o)
 .ARM.attributes